Archive member included to satisfy reference by file (symbol)

E:/ST/STM32CubeCLT_1.18.0/GNU-tools-for-STM32/bin/../lib/gcc/arm-none-eabi/13.3.1/../../../../arm-none-eabi/lib/thumb/v7-m/nofp\libc_nano.a(libc_a-exit.o)
                              E:/ST/STM32CubeCLT_1.18.0/GNU-tools-for-STM32/bin/../lib/gcc/arm-none-eabi/13.3.1/../../../../arm-none-eabi/lib/thumb/v7-m/nofp/crt0.o (exit)
E:/ST/STM32CubeCLT_1.18.0/GNU-tools-for-STM32/bin/../lib/gcc/arm-none-eabi/13.3.1/../../../../arm-none-eabi/lib/thumb/v7-m/nofp\libc_nano.a(libc_a-findfp.o)
                              E:/ST/STM32CubeCLT_1.18.0/GNU-tools-for-STM32/bin/../lib/gcc/arm-none-eabi/13.3.1/../../../../arm-none-eabi/lib/thumb/v7-m/nofp\libc_nano.a(libc_a-exit.o) (__stdio_exit_handler)
E:/ST/STM32CubeCLT_1.18.0/GNU-tools-for-STM32/bin/../lib/gcc/arm-none-eabi/13.3.1/../../../../arm-none-eabi/lib/thumb/v7-m/nofp\libc_nano.a(libc_a-fwalk.o)
                              E:/ST/STM32CubeCLT_1.18.0/GNU-tools-for-STM32/bin/../lib/gcc/arm-none-eabi/13.3.1/../../../../arm-none-eabi/lib/thumb/v7-m/nofp\libc_nano.a(libc_a-findfp.o) (_fwalk_sglue)
E:/ST/STM32CubeCLT_1.18.0/GNU-tools-for-STM32/bin/../lib/gcc/arm-none-eabi/13.3.1/../../../../arm-none-eabi/lib/thumb/v7-m/nofp\libc_nano.a(libc_a-stdio.o)
                              E:/ST/STM32CubeCLT_1.18.0/GNU-tools-for-STM32/bin/../lib/gcc/arm-none-eabi/13.3.1/../../../../arm-none-eabi/lib/thumb/v7-m/nofp\libc_nano.a(libc_a-findfp.o) (__sread)
E:/ST/STM32CubeCLT_1.18.0/GNU-tools-for-STM32/bin/../lib/gcc/arm-none-eabi/13.3.1/../../../../arm-none-eabi/lib/thumb/v7-m/nofp\libc_nano.a(libc_a-memset.o)
                              E:/ST/STM32CubeCLT_1.18.0/GNU-tools-for-STM32/bin/../lib/gcc/arm-none-eabi/13.3.1/../../../../arm-none-eabi/lib/thumb/v7-m/nofp/crt0.o (memset)
E:/ST/STM32CubeCLT_1.18.0/GNU-tools-for-STM32/bin/../lib/gcc/arm-none-eabi/13.3.1/../../../../arm-none-eabi/lib/thumb/v7-m/nofp\libc_nano.a(libc_a-closer.o)
                              E:/ST/STM32CubeCLT_1.18.0/GNU-tools-for-STM32/bin/../lib/gcc/arm-none-eabi/13.3.1/../../../../arm-none-eabi/lib/thumb/v7-m/nofp\libc_nano.a(libc_a-stdio.o) (_close_r)
E:/ST/STM32CubeCLT_1.18.0/GNU-tools-for-STM32/bin/../lib/gcc/arm-none-eabi/13.3.1/../../../../arm-none-eabi/lib/thumb/v7-m/nofp\libc_nano.a(libc_a-reent.o)
                              E:/ST/STM32CubeCLT_1.18.0/GNU-tools-for-STM32/bin/../lib/gcc/arm-none-eabi/13.3.1/../../../../arm-none-eabi/lib/thumb/v7-m/nofp\libc_nano.a(libc_a-closer.o) (errno)
E:/ST/STM32CubeCLT_1.18.0/GNU-tools-for-STM32/bin/../lib/gcc/arm-none-eabi/13.3.1/../../../../arm-none-eabi/lib/thumb/v7-m/nofp\libc_nano.a(libc_a-impure.o)
                              E:/ST/STM32CubeCLT_1.18.0/GNU-tools-for-STM32/bin/../lib/gcc/arm-none-eabi/13.3.1/../../../../arm-none-eabi/lib/thumb/v7-m/nofp\libc_nano.a(libc_a-reent.o) (_impure_ptr)
E:/ST/STM32CubeCLT_1.18.0/GNU-tools-for-STM32/bin/../lib/gcc/arm-none-eabi/13.3.1/../../../../arm-none-eabi/lib/thumb/v7-m/nofp\libc_nano.a(libc_a-lseekr.o)
                              E:/ST/STM32CubeCLT_1.18.0/GNU-tools-for-STM32/bin/../lib/gcc/arm-none-eabi/13.3.1/../../../../arm-none-eabi/lib/thumb/v7-m/nofp\libc_nano.a(libc_a-stdio.o) (_lseek_r)
E:/ST/STM32CubeCLT_1.18.0/GNU-tools-for-STM32/bin/../lib/gcc/arm-none-eabi/13.3.1/../../../../arm-none-eabi/lib/thumb/v7-m/nofp\libc_nano.a(libc_a-readr.o)
                              E:/ST/STM32CubeCLT_1.18.0/GNU-tools-for-STM32/bin/../lib/gcc/arm-none-eabi/13.3.1/../../../../arm-none-eabi/lib/thumb/v7-m/nofp\libc_nano.a(libc_a-stdio.o) (_read_r)
E:/ST/STM32CubeCLT_1.18.0/GNU-tools-for-STM32/bin/../lib/gcc/arm-none-eabi/13.3.1/../../../../arm-none-eabi/lib/thumb/v7-m/nofp\libc_nano.a(libc_a-writer.o)
                              E:/ST/STM32CubeCLT_1.18.0/GNU-tools-for-STM32/bin/../lib/gcc/arm-none-eabi/13.3.1/../../../../arm-none-eabi/lib/thumb/v7-m/nofp\libc_nano.a(libc_a-stdio.o) (_write_r)
E:/ST/STM32CubeCLT_1.18.0/GNU-tools-for-STM32/bin/../lib/gcc/arm-none-eabi/13.3.1/../../../../arm-none-eabi/lib/thumb/v7-m/nofp\libc_nano.a(libc_a-init.o)
                              E:/ST/STM32CubeCLT_1.18.0/GNU-tools-for-STM32/bin/../lib/gcc/arm-none-eabi/13.3.1/../../../../arm-none-eabi/lib/thumb/v7-m/nofp/crt0.o (__libc_init_array)
E:/ST/STM32CubeCLT_1.18.0/GNU-tools-for-STM32/bin/../lib/gcc/arm-none-eabi/13.3.1/../../../../arm-none-eabi/lib/thumb/v7-m/nofp\libc_nano.a(libc_a-lock.o)
                              E:/ST/STM32CubeCLT_1.18.0/GNU-tools-for-STM32/bin/../lib/gcc/arm-none-eabi/13.3.1/../../../../arm-none-eabi/lib/thumb/v7-m/nofp\libc_nano.a(libc_a-findfp.o) (__retarget_lock_init_recursive)
E:/ST/STM32CubeCLT_1.18.0/GNU-tools-for-STM32/bin/../lib/gcc/arm-none-eabi/13.3.1/../../../../arm-none-eabi/lib/thumb/v7-m/nofp\libc_nano.a(libc_a-freer.o)
                              E:/ST/STM32CubeCLT_1.18.0/GNU-tools-for-STM32/bin/../lib/gcc/arm-none-eabi/13.3.1/../../../../arm-none-eabi/lib/thumb/v7-m/nofp\libc_nano.a(libc_a-reent.o) (_free_r)
[...]
Memory Configuration

Name             Origin             Length             Attributes
RAM              0x20000000         0x00005000         xrw
FLASH            0x08000000         0x00010000         xr
*default*        0x00000000         0xffffffff

Linker script and memory map

LOAD E:/ST/STM32CubeCLT_1.18.0/GNU-tools-for-STM32/bin/../lib/gcc/arm-none-eabi/13.3.1/thumb/v7-m/nofp/crti.o
LOAD E:/ST/STM32CubeCLT_1.18.0/GNU-tools-for-STM32/bin/../lib/gcc/arm-none-eabi/13.3.1/thumb/v7-m/nofp/crtbegin.o
LOAD E:/ST/STM32CubeCLT_1.18.0/GNU-tools-for-STM32/bin/../lib/gcc/arm-none-eabi/13.3.1/../../../../arm-none-eabi/lib/thumb/v7-m/nofp/crt0.o
START GROUP
LOAD E:/ST/STM32CubeCLT_1.18.0/GNU-tools-for-STM32/bin/../lib/gcc/arm-none-eabi/13.3.1/../../../../arm-none-eabi/lib/thumb/v7-m/nofp\libc_nano.a
LOAD E:/ST/STM32CubeCLT_1.18.0/GNU-tools-for-STM32/bin/../lib/gcc/arm-none-eabi/13.3.1/../../../../arm-none-eabi/lib/thumb/v7-m/nofp\libm.a
END GROUP
LOAD CMakeFiles/2Dgimbal.dir/SERVO/Src/servo_interp.c.obj
LOAD CMakeFiles/2Dgimbal.dir/SERVO/Src/servo_app.c.obj
LOAD CMakeFiles/2Dgimbal.dir/Core/Src/main.c.obj
LOAD CMakeFiles/2Dgimbal.dir/Core/Src/gpio.c.obj
LOAD CMakeFiles/2Dgimbal.dir/Core/Src/tim.c.obj
LOAD CMakeFiles/2Dgimbal.dir/Core/Src/usart.c.obj
LOAD CMakeFiles/2Dgimbal.dir/Core/Src/stm32f1xx_it.c.obj
LOAD CMakeFiles/2Dgimbal.dir/Core/Src/stm32f1xx_hal_msp.c.obj
LOAD CMakeFiles/2Dgimbal.dir/Drivers/STM32F1xx_HAL_Driver/Src/stm32f1xx_hal_gpio_ex.c.obj
LOAD CMakeFiles/2Dgimbal.dir/Drivers/STM32F1xx_HAL_Driver/Src/stm32f1xx_hal_tim.c.obj
LOAD CMakeFiles/2Dgimbal.dir/Drivers/STM32F1xx_HAL_Driver/Src/stm32f1xx_hal_tim_ex.c.obj
LOAD CMakeFiles/2Dgimbal.dir/Drivers/STM32F1xx_HAL_Driver/Src/stm32f1xx_hal.c.obj
LOAD CMakeFiles/2Dgimbal.dir/Drivers/STM32F1xx_HAL_Driver/Src/stm32f1xx_hal_rcc.c.obj
LOAD CMakeFiles/2Dgimbal.dir/Drivers/STM32F1xx_HAL_Driver/Src/stm32f1xx_hal_rcc_ex.c.obj
LOAD CMakeFiles/2Dgimbal.dir/Drivers/STM32F1xx_HAL_Driver/Src/stm32f1xx_hal_gpio.c.obj
LOAD CMakeFiles/2Dgimbal.dir/Drivers/STM32F1xx_HAL_Driver/Src/stm32f1xx_hal_dma.c.obj
LOAD CMakeFiles/2Dgimbal.dir/Drivers/STM32F1xx_HAL_Driver/Src/stm32f1xx_hal_cortex.c.obj
LOAD CMakeFiles/2Dgimbal.dir/Drivers/STM32F1xx_HAL_Driver/Src/stm32f1xx_hal_pwr.c.obj
LOAD CMakeFiles/2Dgimbal.dir/Drivers/STM32F1xx_HAL_Driver/Src/stm32f1xx_hal_flash.c.obj
LOAD CMakeFiles/2Dgimbal.dir/Drivers/STM32F1xx_HAL_Driver/Src/stm32f1xx_hal_flash_ex.c.obj
LOAD CMakeFiles/2Dgimbal.dir/Drivers/STM32F1xx_HAL_Driver/Src/stm32f1xx_hal_exti.c.obj
LOAD CMakeFiles/2Dgimbal.dir/Drivers/STM32F1xx_HAL_Driver/Src/stm32f1xx_hal_uart.c.obj
LOAD CMakeFiles/2Dgimbal.dir/Core/Src/system_stm32f1xx.c.obj
LOAD CMakeFiles/2Dgimbal.dir/Core/Src/sysmem.c.obj
LOAD CMakeFiles/2Dgimbal.dir/Core/Src/syscalls.c.obj
LOAD CMakeFiles/2Dgimbal.dir/startup_stm32f103xb.s.obj
START GROUP
LOAD E:/ST/STM32CubeCLT_1.18.0/GNU-tools-for-STM32/bin/../lib/gcc/arm-none-eabi/13.3.1/thumb/v7-m/nofp\libgcc.a
LOAD E:/ST/STM32CubeCLT_1.18.0/GNU-tools-for-STM32/bin/../lib/gcc/arm-none-eabi/13.3.1/../../../../arm-none-eabi/lib/thumb/v7-m/nofp\libg_nano.a
LOAD E:/ST/STM32CubeCLT_1.18.0/GNU-tools-for-STM32/bin/../lib/gcc/arm-none-eabi/13.3.1/../../../../arm-none-eabi/lib/thumb/v7-m/nofp\libc_nano.a
END GROUP
START GROUP
LOAD E:/ST/STM32CubeCLT_1.18.0/GNU-tools-for-STM32/bin/../lib/gcc/arm-none-eabi/13.3.1/thumb/v7-m/nofp\libgcc.a
LOAD E:/ST/STM32CubeCLT_1.18.0/GNU-tools-for-STM32/bin/../lib/gcc/arm-none-eabi/13.3.1/../../../../arm-none-eabi/lib/thumb/v7-m/nofp\libc_nano.a
END GROUP
LOAD E:/ST/STM32CubeCLT_1.18.0/GNU-tools-for-STM32/bin/../lib/gcc/arm-none-eabi/13.3.1/thumb/v7-m/nofp/crtend.o
LOAD E:/ST/STM32CubeCLT_1.18.0/GNU-tools-for-STM32/bin/../lib/gcc/arm-none-eabi/13.3.1/thumb/v7-m/nofp/crtn.o
                0x20005000                        _estack = (ORIGIN (RAM) + LENGTH (RAM))
                0x00000200                        _Min_Heap_Size = 0x200
                0x00000400                        _Min_Stack_Size = 0x400

.isr_vector     0x08000000      0x10c
                0x08000000                        . = ALIGN (0x4)
 *(.isr_vector)
 .isr_vector    0x08000000      0x10c CMakeFiles/2Dgimbal.dir/startup_stm32f103xb.s.obj
                0x08000000                g_pfnVectors
                0x0800010c                        . = ALIGN (0x4)

.text           0x0800010c     0x6e58
                0x0800010c                        . = ALIGN (0x4)
 *(.text)
 .text          0x0800010c       0x40 E:/ST/STM32CubeCLT_1.18.0/GNU-tools-for-STM32/bin/../lib/gcc/arm-none-eabi/13.3.1/thumb/v7-m/nofp/crtbegin.o
 .text          0x0800014c      0x378 E:/ST/STM32CubeCLT_1.18.0/GNU-tools-for-STM32/bin/../lib/gcc/arm-none-eabi/13.3.1/thumb/v7-m/nofp\libgcc.a(_arm_addsubdf3.o)
                0x0800014c                __aeabi_drsub
                0x08000154                __aeabi_dsub
                0x08000154                __subdf3
                0x08000158                __aeabi_dadd
                0x08000158                __adddf3
                0x080003d0                __floatunsidf
                0x080003d0                __aeabi_ui2d
                0x080003f0                __floatsidf
                0x080003f0                __aeabi_i2d
                0x08000414                __aeabi_f2d
                0x08000414                __extendsfdf2
                0x08000458                __floatundidf
                0x08000458                __aeabi_ul2d
                0x08000468                __floatdidf
                0x08000468                __aeabi_l2d
 .text          0x080004c4      0x21c E:/ST/STM32CubeCLT_1.18.0/GNU-tools-for-STM32/bin/../lib/gcc/arm-none-eabi/13.3.1/thumb/v7-m/nofp\libgcc.a(_arm_addsubsf3.o)
                0x080004c4                __aeabi_frsub
                0x080004cc                __subsf3
                0x080004cc                __aeabi_fsub
                0x080004d0                __aeabi_fadd
                0x080004d0                __addsf3
                0x08000630                __aeabi_ui2f
                0x08000630                __floatunsisf
                0x08000638                __aeabi_i2f
                0x08000638                __floatsisf
                0x08000654                __aeabi_ul2f
                0x08000654                __floatundisf
                0x08000664                __aeabi_l2f
                0x08000664                __floatdisf
 .text          0x080006e0      0x2a0 E:/ST/STM32CubeCLT_1.18.0/GNU-tools-for-STM32/bin/../lib/gcc/arm-none-eabi/13.3.1/thumb/v7-m/nofp\libgcc.a(_arm_muldivsf3.o)
                0x080006e0                __mulsf3
                0x080006e0                __aeabi_fmul
                0x08000848                __aeabi_fdiv
                0x08000848                __divsf3
 .text          0x08000980       0xec E:/ST/STM32CubeCLT_1.18.0/GNU-tools-for-STM32/bin/../lib/gcc/arm-none-eabi/13.3.1/thumb/v7-m/nofp\libgcc.a(_arm_cmpsf2.o)
                0x08000980                __gesf2
                0x08000980                __gtsf2
                0x08000988                __lesf2
                0x08000988                __ltsf2
                0x08000990                __nesf2
                0x08000990                __eqsf2
                0x08000990                __cmpsf2
                0x080009f0                __aeabi_cfrcmple
                0x080009f8                __aeabi_cfcmpeq
                0x080009f8                __aeabi_cfcmple
                0x08000a08                __aeabi_fcmpeq
                0x08000a1c                __aeabi_fcmplt
                0x08000a30                __aeabi_fcmple
                0x08000a44                __aeabi_fcmpge
                0x08000a58                __aeabi_fcmpgt
 .text          0x08000a6c       0x10 E:/ST/STM32CubeCLT_1.18.0/GNU-tools-for-STM32/bin/../lib/gcc/arm-none-eabi/13.3.1/../../../../arm-none-eabi/lib/thumb/v7-m/nofp\libg_nano.a(libc_a-strlen.o)
                0x08000a6c                strlen
 .text          0x08000a7c       0x2c E:/ST/STM32CubeCLT_1.18.0/GNU-tools-for-STM32/bin/../lib/gcc/arm-none-eabi/13.3.1/thumb/v7-m/nofp\libgcc.a(_arm_unordsf2.o)
                0x08000a7c                __unordsf2
                0x08000a7c                __aeabi_fcmpun
 .text          0x08000aa8       0x4c E:/ST/STM32CubeCLT_1.18.0/GNU-tools-for-STM32/bin/../lib/gcc/arm-none-eabi/13.3.1/thumb/v7-m/nofp\libgcc.a(_arm_fixsfsi.o)
                0x08000aa8                __aeabi_f2iz
                0x08000aa8                __fixsfsi
 *(.text*)
 .text.__seofread
                0x08000af4        0x4 E:/ST/STM32CubeCLT_1.18.0/GNU-tools-for-STM32/bin/../lib/gcc/arm-none-eabi/13.3.1/../../../../arm-none-eabi/lib/thumb/v7-m/nofp\libc_nano.a(libc_a-stdio.o)
                0x08000af4                __seofread
 .text.memset   0x08000af8       0x10 E:/ST/STM32CubeCLT_1.18.0/GNU-tools-for-STM32/bin/../lib/gcc/arm-none-eabi/13.3.1/../../../../arm-none-eabi/lib/thumb/v7-m/nofp\libc_nano.a(libc_a-memset.o)
                0x08000af8                memset
 .text.__libc_init_array
                0x08000b08       0x48 E:/ST/STM32CubeCLT_1.18.0/GNU-tools-for-STM32/bin/../lib/gcc/arm-none-eabi/13.3.1/../../../../arm-none-eabi/lib/thumb/v7-m/nofp\libc_nano.a(libc_a-init.o)
                0x08000b08                __libc_init_array
 .text.__retarget_lock_acquire_recursive
                0x08000b50        0x2 E:/ST/STM32CubeCLT_1.18.0/GNU-tools-for-STM32/bin/../lib/gcc/arm-none-eabi/13.3.1/../../../../arm-none-eabi/lib/thumb/v7-m/nofp\libc_nano.a(libc_a-lock.o)
                0x08000b50                __retarget_lock_acquire_recursive
 .text.__retarget_lock_release_recursive
                0x08000b52        0x2 E:/ST/STM32CubeCLT_1.18.0/GNU-tools-for-STM32/bin/../lib/gcc/arm-none-eabi/13.3.1/../../../../arm-none-eabi/lib/thumb/v7-m/nofp\libc_nano.a(libc_a-lock.o)
                0x08000b52                __retarget_lock_release_recursive
 .text._free_r  0x08000b54       0x90 E:/ST/STM32CubeCLT_1.18.0/GNU-tools-for-STM32/bin/../lib/gcc/arm-none-eabi/13.3.1/../../../../arm-none-eabi/lib/thumb/v7-m/nofp\libc_nano.a(libc_a-freer.o)
                0x08000b54                _free_r
 .text.sbrk_aligned
                0x08000be4       0x44 E:/ST/STM32CubeCLT_1.18.0/GNU-tools-for-STM32/bin/../lib/gcc/arm-none-eabi/13.3.1/../../../../arm-none-eabi/lib/thumb/v7-m/nofp\libc_nano.a(libc_a-mallocr.o)
 .text._malloc_r
                0x08000c28      0x100 E:/ST/STM32CubeCLT_1.18.0/GNU-tools-for-STM32/bin/../lib/gcc/arm-none-eabi/13.3.1/../../../../arm-none-eabi/lib/thumb/v7-m/nofp\libc_nano.a(libc_a-mallocr.o)
                0x08000c28                _malloc_r
 .text.__malloc_lock
                0x08000d28        0xc E:/ST/STM32CubeCLT_1.18.0/GNU-tools-for-STM32/bin/../lib/gcc/arm-none-eabi/13.3.1/../../../../arm-none-eabi/lib/thumb/v7-m/nofp\libc_nano.a(libc_a-mlock.o)
                0x08000d28                __malloc_lock
 .text.__malloc_unlock
                0x08000d34        0xc E:/ST/STM32CubeCLT_1.18.0/GNU-tools-for-STM32/bin/../lib/gcc/arm-none-eabi/13.3.1/../../../../arm-none-eabi/lib/thumb/v7-m/nofp\libc_nano.a(libc_a-mlock.o)
                0x08000d34                __malloc_unlock
 .text._sbrk_r  0x08000d40       0x20 E:/ST/STM32CubeCLT_1.18.0/GNU-tools-for-STM32/bin/../lib/gcc/arm-none-eabi/13.3.1/../../../../arm-none-eabi/lib/thumb/v7-m/nofp\libc_nano.a(libc_a-sbrkr.o)
                0x08000d40                _sbrk_r
 .text.angle_to_pwm_270
                0x08000d60       0x6c CMakeFiles/2Dgimbal.dir/SERVO/Src/servo_interp.c.obj
                0x08000d60                angle_to_pwm_270
 .text.ease_apply
                0x08000dcc       0xf0 CMakeFiles/2Dgimbal.dir/SERVO/Src/servo_interp.c.obj
 .text.servo_channel_init
                0x08000ebc       0xa2 CMakeFiles/2Dgimbal.dir/SERVO/Src/servo_interp.c.obj
                0x08000ebc                servo_channel_init
 *fill*         0x08000f5e        0x2 
 .text.servo_channel_move
                0x08000f60       0xac CMakeFiles/2Dgimbal.dir/SERVO/Src/servo_interp.c.obj
                0x08000f60                servo_channel_move
 .text.servo_channel_tick
                0x0800100c       0xf4 CMakeFiles/2Dgimbal.dir/SERVO/Src/servo_interp.c.obj
                0x0800100c                servo_channel_tick
 .text.servo_player_init
                0x08001100       0xc2 CMakeFiles/2Dgimbal.dir/SERVO/Src/servo_interp.c.obj
                0x08001100                servo_player_init
 .text.servo_player_tick
                0x080011c2       0xce CMakeFiles/2Dgimbal.dir/SERVO/Src/servo_interp.c.obj
                0x080011c2                servo_player_tick
 .text.uart_debug_print
                0x08001290       0x2c CMakeFiles/2Dgimbal.dir/SERVO/Src/servo_app.c.obj
                0x08001290                uart_debug_print
 .text.parse_vector
                0x080012bc       0x68 CMakeFiles/2Dgimbal.dir/SERVO/Src/servo_app.c.obj
                0x080012bc                parse_vector
 .text.pid_update
                0x08001324       0xbe CMakeFiles/2Dgimbal.dir/SERVO/Src/servo_app.c.obj
                0x08001324                pid_update
 .text.clampf   0x080013e2       0x3a CMakeFiles/2Dgimbal.dir/SERVO/Src/servo_app.c.obj
 .text.apply_calib_and_limit_base
                0x0800141c       0x54 CMakeFiles/2Dgimbal.dir/SERVO/Src/servo_app.c.obj
 .text.apply_calib_and_limit_arm
                0x08001470       0x70 CMakeFiles/2Dgimbal.dir/SERVO/Src/servo_app.c.obj
 .text.servo_app_init
                0x080014e0       0xc0 CMakeFiles/2Dgimbal.dir/SERVO/Src/servo_app.c.obj
                0x080014e0                servo_app_init
 .text.update_servo_from_vector
                0x080015a0      0x12c CMakeFiles/2Dgimbal.dir/SERVO/Src/servo_app.c.obj
                0x080015a0                update_servo_from_vector
 .text.main     0x080016cc       0x60 CMakeFiles/2Dgimbal.dir/Core/Src/main.c.obj
                0x080016cc                main
 .text.SystemClock_Config
                0x0800172c       0x8a CMakeFiles/2Dgimbal.dir/Core/Src/main.c.obj
                0x0800172c                SystemClock_Config
 *fill*         0x080017b6        0x2 
 .text.HAL_TIM_PeriodElapsedCallback
                0x080017b8       0x4c CMakeFiles/2Dgimbal.dir/Core/Src/main.c.obj
                0x080017b8                HAL_TIM_PeriodElapsedCallback
 .text.HAL_UART_RxCpltCallback
                0x08001804       0xc4 CMakeFiles/2Dgimbal.dir/Core/Src/main.c.obj
                0x08001804                HAL_UART_RxCpltCallback
 .text.Error_Handler
                0x080018c8        0xc CMakeFiles/2Dgimbal.dir/Core/Src/main.c.obj
                0x080018c8                Error_Handler
 .text.MX_GPIO_Init
                0x080018d4       0x5c CMakeFiles/2Dgimbal.dir/Core/Src/gpio.c.obj
                0x080018d4                MX_GPIO_Init
 .text.MX_TIM2_Init
                0x08001930      0x100 CMakeFiles/2Dgimbal.dir/Core/Src/tim.c.obj
                0x08001930                MX_TIM2_Init
 .text.MX_TIM4_Init
                0x08001a30       0xc8 CMakeFiles/2Dgimbal.dir/Core/Src/tim.c.obj
                0x08001a30                MX_TIM4_Init
 .text.HAL_TIM_Base_MspInit
                0x08001af8       0x48 CMakeFiles/2Dgimbal.dir/Core/Src/tim.c.obj
                0x08001af8                HAL_TIM_Base_MspInit
 .text.HAL_TIM_PWM_MspInit
                0x08001b40       0x3c CMakeFiles/2Dgimbal.dir/Core/Src/tim.c.obj
                0x08001b40                HAL_TIM_PWM_MspInit
 .text.HAL_TIM_MspPostInit
                0x08001b7c       0xcc CMakeFiles/2Dgimbal.dir/Core/Src/tim.c.obj
                0x08001b7c                HAL_TIM_MspPostInit
 .text.MX_USART1_UART_Init
                0x08001c48       0x54 CMakeFiles/2Dgimbal.dir/Core/Src/usart.c.obj
                0x08001c48                MX_USART1_UART_Init
 .text.HAL_UART_MspInit
                0x08001c9c       0xa8 CMakeFiles/2Dgimbal.dir/Core/Src/usart.c.obj
                0x08001c9c                HAL_UART_MspInit
 .text.NMI_Handler
                0x08001d44        0x8 CMakeFiles/2Dgimbal.dir/Core/Src/stm32f1xx_it.c.obj
                0x08001d44                NMI_Handler
 .text.HardFault_Handler
                0x08001d4c        0x8 CMakeFiles/2Dgimbal.dir/Core/Src/stm32f1xx_it.c.obj
                0x08001d4c                HardFault_Handler
 .text.MemManage_Handler
                0x08001d54        0x8 CMakeFiles/2Dgimbal.dir/Core/Src/stm32f1xx_it.c.obj
                0x08001d54                MemManage_Handler
 .text.BusFault_Handler
                0x08001d5c        0x8 CMakeFiles/2Dgimbal.dir/Core/Src/stm32f1xx_it.c.obj
                0x08001d5c                BusFault_Handler
 .text.UsageFault_Handler
                0x08001d64        0x8 CMakeFiles/2Dgimbal.dir/Core/Src/stm32f1xx_it.c.obj
                0x08001d64                UsageFault_Handler
 .text.SVC_Handler
                0x08001d6c        0xc CMakeFiles/2Dgimbal.dir/Core/Src/stm32f1xx_it.c.obj
                0x08001d6c                SVC_Handler
 .text.DebugMon_Handler
                0x08001d78        0xc CMakeFiles/2Dgimbal.dir/Core/Src/stm32f1xx_it.c.obj
                0x08001d78                DebugMon_Handler
 .text.PendSV_Handler
                0x08001d84        0xc CMakeFiles/2Dgimbal.dir/Core/Src/stm32f1xx_it.c.obj
                0x08001d84                PendSV_Handler
 .text.SysTick_Handler
                0x08001d90        0xc CMakeFiles/2Dgimbal.dir/Core/Src/stm32f1xx_it.c.obj
                0x08001d90                SysTick_Handler
 .text.TIM2_IRQHandler
                0x08001d9c       0x14 CMakeFiles/2Dgimbal.dir/Core/Src/stm32f1xx_it.c.obj
                0x08001d9c                TIM2_IRQHandler
 .text.USART1_IRQHandler
                0x08001db0       0x14 CMakeFiles/2Dgimbal.dir/Core/Src/stm32f1xx_it.c.obj
                0x08001db0                USART1_IRQHandler
 .text.HAL_MspInit
                0x08001dc4       0x64 CMakeFiles/2Dgimbal.dir/Core/Src/stm32f1xx_hal_msp.c.obj
                0x08001dc4                HAL_MspInit
 .text.HAL_TIM_Base_Init
                0x08001e28       0x9e CMakeFiles/2Dgimbal.dir/Drivers/STM32F1xx_HAL_Driver/Src/stm32f1xx_hal_tim.c.obj
                0x08001e28                HAL_TIM_Base_Init
 *fill*         0x08001ec6        0x2 
 .text.HAL_TIM_Base_Start_IT
                0x08001ec8       0xa4 CMakeFiles/2Dgimbal.dir/Drivers/STM32F1xx_HAL_Driver/Src/stm32f1xx_hal_tim.c.obj
                0x08001ec8                HAL_TIM_Base_Start_IT
 .text.HAL_TIM_PWM_Init
                0x08001f6c       0x9e CMakeFiles/2Dgimbal.dir/Drivers/STM32F1xx_HAL_Driver/Src/stm32f1xx_hal_tim.c.obj
                0x08001f6c                HAL_TIM_PWM_Init
 *fill*         0x0800200a        0x2 
 .text.HAL_TIM_PWM_Start
                0x0800200c      0x144 CMakeFiles/2Dgimbal.dir/Drivers/STM32F1xx_HAL_Driver/Src/stm32f1xx_hal_tim.c.obj
                0x0800200c                HAL_TIM_PWM_Start
 .text.HAL_TIM_IRQHandler
                0x08002150      0x1e0 CMakeFiles/2Dgimbal.dir/Drivers/STM32F1xx_HAL_Driver/Src/stm32f1xx_hal_tim.c.obj
                0x08002150                HAL_TIM_IRQHandler
 .text.HAL_TIM_PWM_ConfigChannel
                0x08002330      0x184 CMakeFiles/2Dgimbal.dir/Drivers/STM32F1xx_HAL_Driver/Src/stm32f1xx_hal_tim.c.obj
                0x08002330                HAL_TIM_PWM_ConfigChannel
 .text.HAL_TIM_ConfigClockSource
                0x080024b4      0x18e CMakeFiles/2Dgimbal.dir/Drivers/STM32F1xx_HAL_Driver/Src/stm32f1xx_hal_tim.c.obj
                0x080024b4                HAL_TIM_ConfigClockSource
 .text.HAL_TIM_OC_DelayElapsedCallback
                0x08002642       0x12 CMakeFiles/2Dgimbal.dir/Drivers/STM32F1xx_HAL_Driver/Src/stm32f1xx_hal_tim.c.obj
                0x08002642                HAL_TIM_OC_DelayElapsedCallback
 .text.HAL_TIM_IC_CaptureCallback
                0x08002654       0x12 CMakeFiles/2Dgimbal.dir/Drivers/STM32F1xx_HAL_Driver/Src/stm32f1xx_hal_tim.c.obj
                0x08002654                HAL_TIM_IC_CaptureCallback
 .text.HAL_TIM_PWM_PulseFinishedCallback
                0x08002666       0x12 CMakeFiles/2Dgimbal.dir/Drivers/STM32F1xx_HAL_Driver/Src/stm32f1xx_hal_tim.c.obj
                0x08002666                HAL_TIM_PWM_PulseFinishedCallback
 .text.HAL_TIM_TriggerCallback
                0x08002678       0x12 CMakeFiles/2Dgimbal.dir/Drivers/STM32F1xx_HAL_Driver/Src/stm32f1xx_hal_tim.c.obj
                0x08002678                HAL_TIM_TriggerCallback
 *fill*         0x0800268a        0x2 
 .text.TIM_Base_SetConfig
                0x0800268c       0xdc CMakeFiles/2Dgimbal.dir/Drivers/STM32F1xx_HAL_Driver/Src/stm32f1xx_hal_tim.c.obj
                0x0800268c                TIM_Base_SetConfig
 .text.TIM_OC1_SetConfig
                0x08002768       0xcc CMakeFiles/2Dgimbal.dir/Drivers/STM32F1xx_HAL_Driver/Src/stm32f1xx_hal_tim.c.obj
 .text.TIM_OC2_SetConfig
                0x08002834       0xd4 CMakeFiles/2Dgimbal.dir/Drivers/STM32F1xx_HAL_Driver/Src/stm32f1xx_hal_tim.c.obj
                0x08002834                TIM_OC2_SetConfig
 .text.TIM_OC3_SetConfig
                0x08002908       0xd4 CMakeFiles/2Dgimbal.dir/Drivers/STM32F1xx_HAL_Driver/Src/stm32f1xx_hal_tim.c.obj
 .text.TIM_OC4_SetConfig
                0x080029dc       0x9c CMakeFiles/2Dgimbal.dir/Drivers/STM32F1xx_HAL_Driver/Src/stm32f1xx_hal_tim.c.obj
 .text.TIM_TI1_ConfigInputStage
                0x08002a78       0x5c CMakeFiles/2Dgimbal.dir/Drivers/STM32F1xx_HAL_Driver/Src/stm32f1xx_hal_tim.c.obj
 .text.TIM_TI2_ConfigInputStage
                0x08002ad4       0x5e CMakeFiles/2Dgimbal.dir/Drivers/STM32F1xx_HAL_Driver/Src/stm32f1xx_hal_tim.c.obj
 .text.TIM_ITRx_SetConfig
                0x08002b32       0x34 CMakeFiles/2Dgimbal.dir/Drivers/STM32F1xx_HAL_Driver/Src/stm32f1xx_hal_tim.c.obj
 .text.TIM_ETR_SetConfig
                0x08002b66       0x3e CMakeFiles/2Dgimbal.dir/Drivers/STM32F1xx_HAL_Driver/Src/stm32f1xx_hal_tim.c.obj
                0x08002b66                TIM_ETR_SetConfig
 .text.TIM_CCxChannelCmd
                0x08002ba4       0x48 CMakeFiles/2Dgimbal.dir/Drivers/STM32F1xx_HAL_Driver/Src/stm32f1xx_hal_tim.c.obj
                0x08002ba4                TIM_CCxChannelCmd
 .text.HAL_TIMEx_MasterConfigSynchronization
                0x08002bec       0xbc CMakeFiles/2Dgimbal.dir/Drivers/STM32F1xx_HAL_Driver/Src/stm32f1xx_hal_tim_ex.c.obj
                0x08002bec                HAL_TIMEx_MasterConfigSynchronization
 .text.HAL_TIMEx_CommutCallback
                0x08002ca8       0x12 CMakeFiles/2Dgimbal.dir/Drivers/STM32F1xx_HAL_Driver/Src/stm32f1xx_hal_tim_ex.c.obj
                0x08002ca8                HAL_TIMEx_CommutCallback
 .text.HAL_TIMEx_BreakCallback
                0x08002cba       0x12 CMakeFiles/2Dgimbal.dir/Drivers/STM32F1xx_HAL_Driver/Src/stm32f1xx_hal_tim_ex.c.obj
                0x08002cba                HAL_TIMEx_BreakCallback
 .text.HAL_Init
                0x08002ccc       0x2c CMakeFiles/2Dgimbal.dir/Drivers/STM32F1xx_HAL_Driver/Src/stm32f1xx_hal.c.obj
                0x08002ccc                HAL_Init
 .text.HAL_InitTick
                0x08002cf8       0x60 CMakeFiles/2Dgimbal.dir/Drivers/STM32F1xx_HAL_Driver/Src/stm32f1xx_hal.c.obj
                0x08002cf8                HAL_InitTick
 .text.HAL_IncTick
                0x08002d58       0x24 CMakeFiles/2Dgimbal.dir/Drivers/STM32F1xx_HAL_Driver/Src/stm32f1xx_hal.c.obj
                0x08002d58                HAL_IncTick
 .text.HAL_GetTick
                0x08002d7c       0x14 CMakeFiles/2Dgimbal.dir/Drivers/STM32F1xx_HAL_Driver/Src/stm32f1xx_hal.c.obj
                0x08002d7c                HAL_GetTick
 .text.HAL_Delay
                0x08002d90       0x48 CMakeFiles/2Dgimbal.dir/Drivers/STM32F1xx_HAL_Driver/Src/stm32f1xx_hal.c.obj
                0x08002d90                HAL_Delay
 .text.HAL_RCC_OscConfig
                0x08002dd8      0x504 CMakeFiles/2Dgimbal.dir/Drivers/STM32F1xx_HAL_Driver/Src/stm32f1xx_hal_rcc.c.obj
                0x08002dd8                HAL_RCC_OscConfig
 .text.HAL_RCC_ClockConfig
                0x080032dc      0x1d4 CMakeFiles/2Dgimbal.dir/Drivers/STM32F1xx_HAL_Driver/Src/stm32f1xx_hal_rcc.c.obj
                0x080032dc                HAL_RCC_ClockConfig
 .text.HAL_RCC_GetSysClockFreq
                0x080034b0       0xa8 CMakeFiles/2Dgimbal.dir/Drivers/STM32F1xx_HAL_Driver/Src/stm32f1xx_hal_rcc.c.obj
                0x080034b0                HAL_RCC_GetSysClockFreq
 .text.HAL_RCC_GetHCLKFreq
                0x08003558       0x14 CMakeFiles/2Dgimbal.dir/Drivers/STM32F1xx_HAL_Driver/Src/stm32f1xx_hal_rcc.c.obj
                0x08003558                HAL_RCC_GetHCLKFreq
 .text.HAL_RCC_GetPCLK1Freq
                0x0800356c       0x28 CMakeFiles/2Dgimbal.dir/Drivers/STM32F1xx_HAL_Driver/Src/stm32f1xx_hal_rcc.c.obj
                0x0800356c                HAL_RCC_GetPCLK1Freq
 .text.HAL_RCC_GetPCLK2Freq
                0x08003594       0x28 CMakeFiles/2Dgimbal.dir/Drivers/STM32F1xx_HAL_Driver/Src/stm32f1xx_hal_rcc.c.obj
                0x08003594                HAL_RCC_GetPCLK2Freq
 .text.RCC_Delay
                0x080035bc       0x3c CMakeFiles/2Dgimbal.dir/Drivers/STM32F1xx_HAL_Driver/Src/stm32f1xx_hal_rcc.c.obj
 .text.HAL_GPIO_Init
                0x080035f8      0x308 CMakeFiles/2Dgimbal.dir/Drivers/STM32F1xx_HAL_Driver/Src/stm32f1xx_hal_gpio.c.obj
                0x080035f8                HAL_GPIO_Init
 .text.HAL_DMA_Abort
                0x08003900       0x76 CMakeFiles/2Dgimbal.dir/Drivers/STM32F1xx_HAL_Driver/Src/stm32f1xx_hal_dma.c.obj
                0x08003900                HAL_DMA_Abort
 *fill*         0x08003976        0x2 
 .text.HAL_DMA_Abort_IT
                0x08003978       0xf0 CMakeFiles/2Dgimbal.dir/Drivers/STM32F1xx_HAL_Driver/Src/stm32f1xx_hal_dma.c.obj
                0x08003978                HAL_DMA_Abort_IT
 .text.__NVIC_SetPriorityGrouping
                0x08003a68       0x48 CMakeFiles/2Dgimbal.dir/Drivers/STM32F1xx_HAL_Driver/Src/stm32f1xx_hal_cortex.c.obj
 .text.__NVIC_GetPriorityGrouping
                0x08003ab0       0x1c CMakeFiles/2Dgimbal.dir/Drivers/STM32F1xx_HAL_Driver/Src/stm32f1xx_hal_cortex.c.obj
 .text.__NVIC_EnableIRQ
                0x08003acc       0x38 CMakeFiles/2Dgimbal.dir/Drivers/STM32F1xx_HAL_Driver/Src/stm32f1xx_hal_cortex.c.obj
 .text.__NVIC_SetPriority
                0x08003b04       0x54 CMakeFiles/2Dgimbal.dir/Drivers/STM32F1xx_HAL_Driver/Src/stm32f1xx_hal_cortex.c.obj
 .text.NVIC_EncodePriority
                0x08003b58       0x64 CMakeFiles/2Dgimbal.dir/Drivers/STM32F1xx_HAL_Driver/Src/stm32f1xx_hal_cortex.c.obj
 .text.SysTick_Config
                0x08003bbc       0x44 CMakeFiles/2Dgimbal.dir/Drivers/STM32F1xx_HAL_Driver/Src/stm32f1xx_hal_cortex.c.obj
 .text.HAL_NVIC_SetPriorityGrouping
                0x08003c00       0x16 CMakeFiles/2Dgimbal.dir/Drivers/STM32F1xx_HAL_Driver/Src/stm32f1xx_hal_cortex.c.obj
                0x08003c00                HAL_NVIC_SetPriorityGrouping
 .text.HAL_NVIC_SetPriority
                0x08003c16       0x38 CMakeFiles/2Dgimbal.dir/Drivers/STM32F1xx_HAL_Driver/Src/stm32f1xx_hal_cortex.c.obj
                0x08003c16                HAL_NVIC_SetPriority
 .text.HAL_NVIC_EnableIRQ
                0x08003c4e       0x1c CMakeFiles/2Dgimbal.dir/Drivers/STM32F1xx_HAL_Driver/Src/stm32f1xx_hal_cortex.c.obj
                0x08003c4e                HAL_NVIC_EnableIRQ
 .text.HAL_SYSTICK_Config
                0x08003c6a       0x18 CMakeFiles/2Dgimbal.dir/Drivers/STM32F1xx_HAL_Driver/Src/stm32f1xx_hal_cortex.c.obj
                0x08003c6a                HAL_SYSTICK_Config
 .text.HAL_UART_Init
                0x08003c82       0xa0 CMakeFiles/2Dgimbal.dir/Drivers/STM32F1xx_HAL_Driver/Src/stm32f1xx_hal_uart.c.obj
                0x08003c82                HAL_UART_Init
 .text.HAL_UART_Transmit
                0x08003d22      0x116 CMakeFiles/2Dgimbal.dir/Drivers/STM32F1xx_HAL_Driver/Src/stm32f1xx_hal_uart.c.obj
                0x08003d22                HAL_UART_Transmit
 .text.HAL_UART_Receive_IT
                0x08003e38       0x4a CMakeFiles/2Dgimbal.dir/Drivers/STM32F1xx_HAL_Driver/Src/stm32f1xx_hal_uart.c.obj
                0x08003e38                HAL_UART_Receive_IT
 *fill*         0x08003e82        0x2 
 .text.HAL_UART_IRQHandler
                0x08003e84      0x524 CMakeFiles/2Dgimbal.dir/Drivers/STM32F1xx_HAL_Driver/Src/stm32f1xx_hal_uart.c.obj
                0x08003e84                HAL_UART_IRQHandler
 .text.HAL_UART_TxCpltCallback
                0x080043a8       0x12 CMakeFiles/2Dgimbal.dir/Drivers/STM32F1xx_HAL_Driver/Src/stm32f1xx_hal_uart.c.obj
                0x080043a8                HAL_UART_TxCpltCallback
 .text.HAL_UART_ErrorCallback
                0x080043ba       0x12 CMakeFiles/2Dgimbal.dir/Drivers/STM32F1xx_HAL_Driver/Src/stm32f1xx_hal_uart.c.obj
                0x080043ba                HAL_UART_ErrorCallback
 .text.HAL_UARTEx_RxEventCallback
                0x080043cc       0x16 CMakeFiles/2Dgimbal.dir/Drivers/STM32F1xx_HAL_Driver/Src/stm32f1xx_hal_uart.c.obj
                0x080043cc                HAL_UARTEx_RxEventCallback
 .text.UART_WaitOnFlagUntilTimeout
                0x080043e2       0xb2 CMakeFiles/2Dgimbal.dir/Drivers/STM32F1xx_HAL_Driver/Src/stm32f1xx_hal_uart.c.obj
 .text.UART_Start_Receive_IT
                0x08004494       0x72 CMakeFiles/2Dgimbal.dir/Drivers/STM32F1xx_HAL_Driver/Src/stm32f1xx_hal_uart.c.obj
                0x08004494                UART_Start_Receive_IT
 .text.UART_EndRxTransfer
                0x08004506       0xc4 CMakeFiles/2Dgimbal.dir/Drivers/STM32F1xx_HAL_Driver/Src/stm32f1xx_hal_uart.c.obj
 .text.UART_DMAAbortOnError
                0x080045ca       0x28 CMakeFiles/2Dgimbal.dir/Drivers/STM32F1xx_HAL_Driver/Src/stm32f1xx_hal_uart.c.obj
 .text.UART_Transmit_IT
                0x080045f2       0x9e CMakeFiles/2Dgimbal.dir/Drivers/STM32F1xx_HAL_Driver/Src/stm32f1xx_hal_uart.c.obj
 .text.UART_EndTransmit_IT
                0x08004690       0x30 CMakeFiles/2Dgimbal.dir/Drivers/STM32F1xx_HAL_Driver/Src/stm32f1xx_hal_uart.c.obj
 .text.UART_Receive_IT
                0x080046c0      0x17c CMakeFiles/2Dgimbal.dir/Drivers/STM32F1xx_HAL_Driver/Src/stm32f1xx_hal_uart.c.obj
 .text.UART_SetConfig
                0x0800483c      0x11c CMakeFiles/2Dgimbal.dir/Drivers/STM32F1xx_HAL_Driver/Src/stm32f1xx_hal_uart.c.obj
 .text.SystemInit
                0x08004958        0xc CMakeFiles/2Dgimbal.dir/Core/Src/system_stm32f1xx.c.obj
                0x08004958                SystemInit
 .text._sbrk    0x08004964       0x6c CMakeFiles/2Dgimbal.dir/Core/Src/sysmem.c.obj
                0x08004964                _sbrk
 .text.Reset_Handler
                0x080049d0       0x48 CMakeFiles/2Dgimbal.dir/startup_stm32f103xb.s.obj
                0x080049d0                Reset_Handler
 .text.Default_Handler
                0x08004a18        0x2 CMakeFiles/2Dgimbal.dir/startup_stm32f103xb.s.obj
                0x08004a18                RTC_Alarm_IRQHandler
                0x08004a18                EXTI2_IRQHandler
                0x08004a18                TIM1_CC_IRQHandler
                0x08004a18                PVD_IRQHandler
                0x08004a18                EXTI3_IRQHandler
                0x08004a18                EXTI0_IRQHandler
                0x08004a18                I2C2_EV_IRQHandler
                0x08004a18                ADC1_2_IRQHandler
                0x08004a18                SPI1_IRQHandler
                0x08004a18                TAMPER_IRQHandler
                0x08004a18                DMA1_Channel4_IRQHandler
                0x08004a18                USART3_IRQHandler
                0x08004a18                RTC_IRQHandler
                0x08004a18                DMA1_Channel7_IRQHandler
                0x08004a18                CAN1_RX1_IRQHandler
                0x08004a18                TIM4_IRQHandler
                0x08004a18                I2C1_EV_IRQHandler
                0x08004a18                DMA1_Channel6_IRQHandler
                0x08004a18                TIM3_IRQHandler
                0x08004a18                RCC_IRQHandler
                0x08004a18                TIM1_TRG_COM_IRQHandler
                0x08004a18                DMA1_Channel1_IRQHandler
                0x08004a18                Default_Handler
                0x08004a18                EXTI15_10_IRQHandler
                0x08004a18                EXTI9_5_IRQHandler
                0x08004a18                SPI2_IRQHandler
                0x08004a18                DMA1_Channel5_IRQHandler
                0x08004a18                EXTI4_IRQHandler
                0x08004a18                USB_LP_CAN1_RX0_IRQHandler
                0x08004a18                USB_HP_CAN1_TX_IRQHandler
                0x08004a18                DMA1_Channel3_IRQHandler
                0x08004a18                TIM1_UP_IRQHandler
                0x08004a18                WWDG_IRQHandler
                0x08004a18                TIM1_BRK_IRQHandler
                0x08004a18                EXTI1_IRQHandler
                0x08004a18                USART2_IRQHandler
                0x08004a18                I2C2_ER_IRQHandler
                0x08004a18                DMA1_Channel2_IRQHandler
                0x08004a18                CAN1_SCE_IRQHandler
                0x08004a18                FLASH_IRQHandler
                0x08004a18                I2C1_ER_IRQHandler
                0x08004a18                USBWakeUp_IRQHandler
 *fill*         0x08004a1a        0x2 
 .text.sprintf  0x08004a1c       0x44 E:/ST/STM32CubeCLT_1.18.0/GNU-tools-for-STM32/bin/../lib/gcc/arm-none-eabi/13.3.1/../../../../arm-none-eabi/lib/thumb/v7-m/nofp\libg_nano.a(libc_a-sprintf.o)
                0x08004a1c                siprintf
                0x08004a1c                sprintf
 .text.sscanf   0x08004a60       0x58 E:/ST/STM32CubeCLT_1.18.0/GNU-tools-for-STM32/bin/../lib/gcc/arm-none-eabi/13.3.1/../../../../arm-none-eabi/lib/thumb/v7-m/nofp\libg_nano.a(libc_a-sscanf.o)
                0x08004a60                siscanf
                0x08004a60                sscanf
 .text.__errno  0x08004ab8        0xc E:/ST/STM32CubeCLT_1.18.0/GNU-tools-for-STM32/bin/../lib/gcc/arm-none-eabi/13.3.1/../../../../arm-none-eabi/lib/thumb/v7-m/nofp\libg_nano.a(libc_a-errno.o)
                0x08004ab8                __errno
 .text.__ssputs_r
                0x08004ac4       0xb6 E:/ST/STM32CubeCLT_1.18.0/GNU-tools-for-STM32/bin/../lib/gcc/arm-none-eabi/13.3.1/../../../../arm-none-eabi/lib/thumb/v7-m/nofp\libg_nano.a(libc_a-nano-svfprintf.o)
                0x08004ac4                __ssputs_r
 *fill*         0x08004b7a        0x2 
 .text._svfprintf_r
                0x08004b7c      0x1f8 E:/ST/STM32CubeCLT_1.18.0/GNU-tools-for-STM32/bin/../lib/gcc/arm-none-eabi/13.3.1/../../../../arm-none-eabi/lib/thumb/v7-m/nofp\libg_nano.a(libc_a-nano-svfprintf.o)
                0x08004b7c                _svfiprintf_r
                0x08004b7c                _svfprintf_r
 .text._sungetc_r
                0x08004d74       0x7a E:/ST/STM32CubeCLT_1.18.0/GNU-tools-for-STM32/bin/../lib/gcc/arm-none-eabi/13.3.1/../../../../arm-none-eabi/lib/thumb/v7-m/nofp\libg_nano.a(libc_a-nano-svfscanf.o)
                0x08004d74                _sungetc_r
 .text.__ssrefill_r
                0x08004dee       0x3a E:/ST/STM32CubeCLT_1.18.0/GNU-tools-for-STM32/bin/../lib/gcc/arm-none-eabi/13.3.1/../../../../arm-none-eabi/lib/thumb/v7-m/nofp\libg_nano.a(libc_a-nano-svfscanf.o)
                0x08004dee                __ssrefill_r
 .text.__ssvfscanf_r
                0x08004e28      0x2e8 E:/ST/STM32CubeCLT_1.18.0/GNU-tools-for-STM32/bin/../lib/gcc/arm-none-eabi/13.3.1/../../../../arm-none-eabi/lib/thumb/v7-m/nofp\libg_nano.a(libc_a-nano-svfscanf.o)
                0x08004e28                __ssvfiscanf_r
                0x08004e28                __ssvfscanf_r
 .text._printf_common
                0x08005110       0xe4 E:/ST/STM32CubeCLT_1.18.0/GNU-tools-for-STM32/bin/../lib/gcc/arm-none-eabi/13.3.1/../../../../arm-none-eabi/lib/thumb/v7-m/nofp\libg_nano.a(libc_a-nano-vfprintf_i.o)
                0x08005110                _printf_common
 .text._printf_i
                0x080051f4      0x23c E:/ST/STM32CubeCLT_1.18.0/GNU-tools-for-STM32/bin/../lib/gcc/arm-none-eabi/13.3.1/../../../../arm-none-eabi/lib/thumb/v7-m/nofp\libg_nano.a(libc_a-nano-vfprintf_i.o)
                0x080051f4                _printf_i
 .text._scanf_chars
                0x08005430       0xb4 E:/ST/STM32CubeCLT_1.18.0/GNU-tools-for-STM32/bin/../lib/gcc/arm-none-eabi/13.3.1/../../../../arm-none-eabi/lib/thumb/v7-m/nofp\libg_nano.a(libc_a-nano-vfscanf_i.o)
                0x08005430                _scanf_chars
 .text._scanf_i
                0x080054e4      0x1e4 E:/ST/STM32CubeCLT_1.18.0/GNU-tools-for-STM32/bin/../lib/gcc/arm-none-eabi/13.3.1/../../../../arm-none-eabi/lib/thumb/v7-m/nofp\libg_nano.a(libc_a-nano-vfscanf_i.o)
                0x080054e4                _scanf_i
 .text.__sccl   0x080056c8       0x72 E:/ST/STM32CubeCLT_1.18.0/GNU-tools-for-STM32/bin/../lib/gcc/arm-none-eabi/13.3.1/../../../../arm-none-eabi/lib/thumb/v7-m/nofp\libg_nano.a(libc_a-sccl.o)
                0x080056c8                __sccl
 .text.__submore
                0x0800573a       0x70 E:/ST/STM32CubeCLT_1.18.0/GNU-tools-for-STM32/bin/../lib/gcc/arm-none-eabi/13.3.1/../../../../arm-none-eabi/lib/thumb/v7-m/nofp\libg_nano.a(libc_a-ungetc.o)
                0x0800573a                __submore
 .text.memmove  0x080057aa       0x34 E:/ST/STM32CubeCLT_1.18.0/GNU-tools-for-STM32/bin/../lib/gcc/arm-none-eabi/13.3.1/../../../../arm-none-eabi/lib/thumb/v7-m/nofp\libg_nano.a(libc_a-memmove.o)
                0x080057aa                memmove
 .text.memchr   0x080057de       0x1c E:/ST/STM32CubeCLT_1.18.0/GNU-tools-for-STM32/bin/../lib/gcc/arm-none-eabi/13.3.1/../../../../arm-none-eabi/lib/thumb/v7-m/nofp\libg_nano.a(libc_a-memchr-stub.o)
                0x080057de                memchr
 .text.memcpy   0x080057fa       0x1c E:/ST/STM32CubeCLT_1.18.0/GNU-tools-for-STM32/bin/../lib/gcc/arm-none-eabi/13.3.1/../../../../arm-none-eabi/lib/thumb/v7-m/nofp\libg_nano.a(libc_a-memcpy-stub.o)
                0x080057fa                memcpy
 .text._realloc_r
                0x08005816       0x5c E:/ST/STM32CubeCLT_1.18.0/GNU-tools-for-STM32/bin/../lib/gcc/arm-none-eabi/13.3.1/../../../../arm-none-eabi/lib/thumb/v7-m/nofp\libg_nano.a(libc_a-reallocr.o)
                0x08005816                _realloc_r
 *fill*         0x08005872        0x2 
 .text._strtol_l.isra.0
                0x08005874       0xf4 E:/ST/STM32CubeCLT_1.18.0/GNU-tools-for-STM32/bin/../lib/gcc/arm-none-eabi/13.3.1/../../../../arm-none-eabi/lib/thumb/v7-m/nofp\libg_nano.a(libc_a-strtol.o)
 .text._strtol_r
                0x08005968        0x4 E:/ST/STM32CubeCLT_1.18.0/GNU-tools-for-STM32/bin/../lib/gcc/arm-none-eabi/13.3.1/../../../../arm-none-eabi/lib/thumb/v7-m/nofp\libg_nano.a(libc_a-strtol.o)
                0x08005968                _strtol_r
 .text._strtoul_l.isra.0
                0x0800596c       0xdc E:/ST/STM32CubeCLT_1.18.0/GNU-tools-for-STM32/bin/../lib/gcc/arm-none-eabi/13.3.1/../../../../arm-none-eabi/lib/thumb/v7-m/nofp\libg_nano.a(libc_a-strtoul.o)
 .text._strtoul_r
                0x08005a48        0x4 E:/ST/STM32CubeCLT_1.18.0/GNU-tools-for-STM32/bin/../lib/gcc/arm-none-eabi/13.3.1/../../../../arm-none-eabi/lib/thumb/v7-m/nofp\libg_nano.a(libc_a-strtoul.o)
                0x08005a48                _strtoul_r
 .text._malloc_usable_size_r
                0x08005a4c       0x10 E:/ST/STM32CubeCLT_1.18.0/GNU-tools-for-STM32/bin/../lib/gcc/arm-none-eabi/13.3.1/../../../../arm-none-eabi/lib/thumb/v7-m/nofp\libg_nano.a(libc_a-msizer.o)
                0x08005a4c                _malloc_usable_size_r
 .text.powf     0x08005a5c       0x9a E:/ST/STM32CubeCLT_1.18.0/GNU-tools-for-STM32/bin/../lib/gcc/arm-none-eabi/13.3.1/../../../../arm-none-eabi/lib/thumb/v7-m/nofp\libm.a(libm_a-wf_pow.o)
                0x08005a5c                powf
 *fill*         0x08005af6        0x2 
 .text.cosf     0x08005af8       0x70 E:/ST/STM32CubeCLT_1.18.0/GNU-tools-for-STM32/bin/../lib/gcc/arm-none-eabi/13.3.1/../../../../arm-none-eabi/lib/thumb/v7-m/nofp\libm.a(libm_a-sf_cos.o)
                0x08005af8                cosf
 .text.finitef  0x08005b68       0x10 E:/ST/STM32CubeCLT_1.18.0/GNU-tools-for-STM32/bin/../lib/gcc/arm-none-eabi/13.3.1/../../../../arm-none-eabi/lib/thumb/v7-m/nofp\libm.a(libm_a-sf_finite.o)
                0x08005b68                finitef
 .text.fmaxf    0x08005b78       0x2a E:/ST/STM32CubeCLT_1.18.0/GNU-tools-for-STM32/bin/../lib/gcc/arm-none-eabi/13.3.1/../../../../arm-none-eabi/lib/thumb/v7-m/nofp\libm.a(libm_a-sf_fmax.o)
                0x08005b78                fmaxf
 .text.fminf    0x08005ba2       0x2a E:/ST/STM32CubeCLT_1.18.0/GNU-tools-for-STM32/bin/../lib/gcc/arm-none-eabi/13.3.1/../../../../arm-none-eabi/lib/thumb/v7-m/nofp\libm.a(libm_a-sf_fmin.o)
                0x08005ba2                fminf
 .text.__fpclassifyf
                0x08005bcc       0x34 E:/ST/STM32CubeCLT_1.18.0/GNU-tools-for-STM32/bin/../lib/gcc/arm-none-eabi/13.3.1/../../../../arm-none-eabi/lib/thumb/v7-m/nofp\libm.a(libm_a-sf_fpclassify.o)
                0x08005bcc                __fpclassifyf
 .text.lroundf  0x08005c00       0x58 E:/ST/STM32CubeCLT_1.18.0/GNU-tools-for-STM32/bin/../lib/gcc/arm-none-eabi/13.3.1/../../../../arm-none-eabi/lib/thumb/v7-m/nofp\libm.a(libm_a-sf_lround.o)
                0x08005c00                lroundf
 .text.__kernel_cosf
                0x08005c58      0x100 E:/ST/STM32CubeCLT_1.18.0/GNU-tools-for-STM32/bin/../lib/gcc/arm-none-eabi/13.3.1/../../../../arm-none-eabi/lib/thumb/v7-m/nofp\libm.a(libm_a-kf_cos.o)
                0x08005c58                __kernel_cosf
 .text.__kernel_sinf
                0x08005d58       0xec E:/ST/STM32CubeCLT_1.18.0/GNU-tools-for-STM32/bin/../lib/gcc/arm-none-eabi/13.3.1/../../../../arm-none-eabi/lib/thumb/v7-m/nofp\libm.a(libm_a-kf_sin.o)
                0x08005d58                __kernel_sinf
 .text.__ieee754_powf
                0x08005e44      0x6c0 E:/ST/STM32CubeCLT_1.18.0/GNU-tools-for-STM32/bin/../lib/gcc/arm-none-eabi/13.3.1/../../../../arm-none-eabi/lib/thumb/v7-m/nofp\libm.a(libm_a-ef_pow.o)
                0x08005e44                __ieee754_powf
 .text.__ieee754_rem_pio2f
                0x08006504      0x2cc E:/ST/STM32CubeCLT_1.18.0/GNU-tools-for-STM32/bin/../lib/gcc/arm-none-eabi/13.3.1/../../../../arm-none-eabi/lib/thumb/v7-m/nofp\libm.a(libm_a-ef_rem_pio2.o)
                0x08006504                __ieee754_rem_pio2f
 .text.fabsf    0x080067d0        0x6 E:/ST/STM32CubeCLT_1.18.0/GNU-tools-for-STM32/bin/../lib/gcc/arm-none-eabi/13.3.1/../../../../arm-none-eabi/lib/thumb/v7-m/nofp\libm.a(libm_a-sf_fabs.o)
                0x080067d0                fabsf
 *fill*         0x080067d6        0x2 
 .text.scalbnf  0x080067d8       0x98 E:/ST/STM32CubeCLT_1.18.0/GNU-tools-for-STM32/bin/../lib/gcc/arm-none-eabi/13.3.1/../../../../arm-none-eabi/lib/thumb/v7-m/nofp\libm.a(libm_a-sf_scalbn.o)
                0x080067d8                scalbnf
 .text.with_errnof
                0x08006870       0x10 E:/ST/STM32CubeCLT_1.18.0/GNU-tools-for-STM32/bin/../lib/gcc/arm-none-eabi/13.3.1/../../../../arm-none-eabi/lib/thumb/v7-m/nofp\libm.a(libm_a-math_errf.o)
 .text.xflowf   0x08006880       0x1a E:/ST/STM32CubeCLT_1.18.0/GNU-tools-for-STM32/bin/../lib/gcc/arm-none-eabi/13.3.1/../../../../arm-none-eabi/lib/thumb/v7-m/nofp\libm.a(libm_a-math_errf.o)
 .text.__math_uflowf
                0x0800689a        0x8 E:/ST/STM32CubeCLT_1.18.0/GNU-tools-for-STM32/bin/../lib/gcc/arm-none-eabi/13.3.1/../../../../arm-none-eabi/lib/thumb/v7-m/nofp\libm.a(libm_a-math_errf.o)
                0x0800689a                __math_uflowf
 .text.__math_oflowf
                0x080068a2        0x8 E:/ST/STM32CubeCLT_1.18.0/GNU-tools-for-STM32/bin/../lib/gcc/arm-none-eabi/13.3.1/../../../../arm-none-eabi/lib/thumb/v7-m/nofp\libm.a(libm_a-math_errf.o)
                0x080068a2                __math_oflowf
 *fill*         0x080068aa        0x2 
 .text.__ieee754_sqrtf
                0x080068ac       0xe0 E:/ST/STM32CubeCLT_1.18.0/GNU-tools-for-STM32/bin/../lib/gcc/arm-none-eabi/13.3.1/../../../../arm-none-eabi/lib/thumb/v7-m/nofp\libm.a(libm_a-ef_sqrt.o)
                0x080068ac                __ieee754_sqrtf
 .text.__kernel_rem_pio2f
                0x0800698c      0x53c E:/ST/STM32CubeCLT_1.18.0/GNU-tools-for-STM32/bin/../lib/gcc/arm-none-eabi/13.3.1/../../../../arm-none-eabi/lib/thumb/v7-m/nofp\libm.a(libm_a-kf_rem_pio2.o)
                0x0800698c                __kernel_rem_pio2f
 .text.floorf   0x08006ec8       0x84 E:/ST/STM32CubeCLT_1.18.0/GNU-tools-for-STM32/bin/../lib/gcc/arm-none-eabi/13.3.1/../../../../arm-none-eabi/lib/thumb/v7-m/nofp\libm.a(libm_a-sf_floor.o)
                0x08006ec8                floorf
 *(.glue_7)
 .glue_7        0x08006f4c        0x0 linker stubs
 *(.glue_7t)
 .glue_7t       0x08006f4c        0x0 linker stubs
 *(.eh_frame)
 .eh_frame      0x08006f4c        0x0 E:/ST/STM32CubeCLT_1.18.0/GNU-tools-for-STM32/bin/../lib/gcc/arm-none-eabi/13.3.1/thumb/v7-m/nofp/crtbegin.o
 *(.init)
 .init          0x08006f4c        0x4 E:/ST/STM32CubeCLT_1.18.0/GNU-tools-for-STM32/bin/../lib/gcc/arm-none-eabi/13.3.1/thumb/v7-m/nofp/crti.o
                0x08006f4c                _init
 .init          0x08006f50        0x8 E:/ST/STM32CubeCLT_1.18.0/GNU-tools-for-STM32/bin/../lib/gcc/arm-none-eabi/13.3.1/thumb/v7-m/nofp/crtn.o
 *(.fini)
 .fini          0x08006f58        0x4 E:/ST/STM32CubeCLT_1.18.0/GNU-tools-for-STM32/bin/../lib/gcc/arm-none-eabi/13.3.1/thumb/v7-m/nofp/crti.o
                0x08006f58                _fini
 .fini          0x08006f5c        0x8 E:/ST/STM32CubeCLT_1.18.0/GNU-tools-for-STM32/bin/../lib/gcc/arm-none-eabi/13.3.1/thumb/v7-m/nofp/crtn.o
                0x08006f64                        . = ALIGN (0x4)
                0x08006f64                        _etext = .

.vfp11_veneer   0x08006f64        0x0
 .vfp11_veneer  0x08006f64        0x0 linker stubs

.v4_bx          0x08006f64        0x0
 .v4_bx         0x08006f64        0x0 linker stubs

.iplt           0x08006f64        0x0
 .iplt          0x08006f64        0x0 E:/ST/STM32CubeCLT_1.18.0/GNU-tools-for-STM32/bin/../lib/gcc/arm-none-eabi/13.3.1/thumb/v7-m/nofp/crtbegin.o

.rodata         0x08006f64      0x594
                0x08006f64                        . = ALIGN (0x4)
 *(.rodata)
 .rodata        0x08006f64        0x6 CMakeFiles/2Dgimbal.dir/SERVO/Src/servo_app.c.obj
 *fill*         0x08006f6a        0x2 
 .rodata        0x08006f6c       0x13 CMakeFiles/2Dgimbal.dir/Core/Src/main.c.obj
 *fill*         0x08006f7f        0x1 
 .rodata        0x08006f80        0xc E:/ST/STM32CubeCLT_1.18.0/GNU-tools-for-STM32/bin/../lib/gcc/arm-none-eabi/13.3.1/../../../../arm-none-eabi/lib/thumb/v7-m/nofp\libg_nano.a(libc_a-nano-vfscanf_i.o)
 *(.rodata*)
 .rodata.aPLLMULFactorTable.1
                0x08006f8c       0x10 CMakeFiles/2Dgimbal.dir/Drivers/STM32F1xx_HAL_Driver/Src/stm32f1xx_hal_rcc.c.obj
 .rodata.aPredivFactorTable.0
                0x08006f9c        0x2 CMakeFiles/2Dgimbal.dir/Drivers/STM32F1xx_HAL_Driver/Src/stm32f1xx_hal_rcc.c.obj
 *fill*         0x08006f9e        0x2 
 .rodata.AHBPrescTable
                0x08006fa0       0x10 CMakeFiles/2Dgimbal.dir/Core/Src/system_stm32f1xx.c.obj
                0x08006fa0                AHBPrescTable
 .rodata.APBPrescTable
                0x08006fb0        0x8 CMakeFiles/2Dgimbal.dir/Core/Src/system_stm32f1xx.c.obj
                0x08006fb0                APBPrescTable
 .rodata._svfprintf_r.str1.1
                0x08006fb8       0x4e E:/ST/STM32CubeCLT_1.18.0/GNU-tools-for-STM32/bin/../lib/gcc/arm-none-eabi/13.3.1/../../../../arm-none-eabi/lib/thumb/v7-m/nofp\libg_nano.a(libc_a-nano-svfprintf.o)
                                 0x11 (size before relaxing)
 .rodata.__ssvfscanf_r.str1.1
                0x08007006        0x4 E:/ST/STM32CubeCLT_1.18.0/GNU-tools-for-STM32/bin/../lib/gcc/arm-none-eabi/13.3.1/../../../../arm-none-eabi/lib/thumb/v7-m/nofp\libg_nano.a(libc_a-nano-svfscanf.o)
 .rodata._printf_i.str1.1
                0x08007006       0x22 E:/ST/STM32CubeCLT_1.18.0/GNU-tools-for-STM32/bin/../lib/gcc/arm-none-eabi/13.3.1/../../../../arm-none-eabi/lib/thumb/v7-m/nofp\libg_nano.a(libc_a-nano-vfprintf_i.o)
 .rodata._scanf_i.str1.1
                0x08007006       0x12 E:/ST/STM32CubeCLT_1.18.0/GNU-tools-for-STM32/bin/../lib/gcc/arm-none-eabi/13.3.1/../../../../arm-none-eabi/lib/thumb/v7-m/nofp\libg_nano.a(libc_a-nano-vfscanf_i.o)
 .rodata.str1.1
                0x08007006        0x9 E:/ST/STM32CubeCLT_1.18.0/GNU-tools-for-STM32/bin/../lib/gcc/arm-none-eabi/13.3.1/../../../../arm-none-eabi/lib/thumb/v7-m/nofp\libg_nano.a(libc_a-nano-vfscanf_i.o)
 .rodata._ctype_
                0x08007006      0x101 E:/ST/STM32CubeCLT_1.18.0/GNU-tools-for-STM32/bin/../lib/gcc/arm-none-eabi/13.3.1/../../../../arm-none-eabi/lib/thumb/v7-m/nofp\libg_nano.a(libc_a-ctype_.o)
                0x08007006                _ctype_
 *fill*         0x08007107        0x1 
 .rodata.dp_l   0x08007108        0x8 E:/ST/STM32CubeCLT_1.18.0/GNU-tools-for-STM32/bin/../lib/gcc/arm-none-eabi/13.3.1/../../../../arm-none-eabi/lib/thumb/v7-m/nofp\libm.a(libm_a-ef_pow.o)
 .rodata.dp_h   0x08007110        0x8 E:/ST/STM32CubeCLT_1.18.0/GNU-tools-for-STM32/bin/../lib/gcc/arm-none-eabi/13.3.1/../../../../arm-none-eabi/lib/thumb/v7-m/nofp\libm.a(libm_a-ef_pow.o)
 .rodata.bp     0x08007118        0x8 E:/ST/STM32CubeCLT_1.18.0/GNU-tools-for-STM32/bin/../lib/gcc/arm-none-eabi/13.3.1/../../../../arm-none-eabi/lib/thumb/v7-m/nofp\libm.a(libm_a-ef_pow.o)
 .rodata.npio2_hw
                0x08007120       0x80 E:/ST/STM32CubeCLT_1.18.0/GNU-tools-for-STM32/bin/../lib/gcc/arm-none-eabi/13.3.1/../../../../arm-none-eabi/lib/thumb/v7-m/nofp\libm.a(libm_a-ef_rem_pio2.o)
 .rodata.two_over_pi
                0x080071a0      0x318 E:/ST/STM32CubeCLT_1.18.0/GNU-tools-for-STM32/bin/../lib/gcc/arm-none-eabi/13.3.1/../../../../arm-none-eabi/lib/thumb/v7-m/nofp\libm.a(libm_a-ef_rem_pio2.o)
 .rodata.tiny   0x080074b8        0x4 E:/ST/STM32CubeCLT_1.18.0/GNU-tools-for-STM32/bin/../lib/gcc/arm-none-eabi/13.3.1/../../../../arm-none-eabi/lib/thumb/v7-m/nofp\libm.a(libm_a-ef_sqrt.o)
 .rodata.one    0x080074bc        0x4 E:/ST/STM32CubeCLT_1.18.0/GNU-tools-for-STM32/bin/../lib/gcc/arm-none-eabi/13.3.1/../../../../arm-none-eabi/lib/thumb/v7-m/nofp\libm.a(libm_a-ef_sqrt.o)
 .rodata.PIo2   0x080074c0       0x2c E:/ST/STM32CubeCLT_1.18.0/GNU-tools-for-STM32/bin/../lib/gcc/arm-none-eabi/13.3.1/../../../../arm-none-eabi/lib/thumb/v7-m/nofp\libm.a(libm_a-kf_rem_pio2.o)
 .rodata.init_jk
                0x080074ec        0xc E:/ST/STM32CubeCLT_1.18.0/GNU-tools-for-STM32/bin/../lib/gcc/arm-none-eabi/13.3.1/../../../../arm-none-eabi/lib/thumb/v7-m/nofp\libm.a(libm_a-kf_rem_pio2.o)
                0x080074f8                        . = ALIGN (0x4)

.ARM.extab
 *(.ARM.extab* .gnu.linkonce.armextab.*)

.ARM            0x080074f8        0x8
                0x080074f8                        __exidx_start = .
 *(.ARM.exidx*)
 .ARM.exidx     0x080074f8        0x8 E:/ST/STM32CubeCLT_1.18.0/GNU-tools-for-STM32/bin/../lib/gcc/arm-none-eabi/13.3.1/../../../../arm-none-eabi/lib/thumb/v7-m/nofp\libg_nano.a(libc_a-strlen.o)
                0x08007500                        __exidx_end = .

.rel.dyn        0x08007500        0x0
 .rel.iplt      0x08007500        0x0 E:/ST/STM32CubeCLT_1.18.0/GNU-tools-for-STM32/bin/../lib/gcc/arm-none-eabi/13.3.1/thumb/v7-m/nofp/crtbegin.o

.preinit_array  0x08007500        0x0
                0x08007500                        PROVIDE (__preinit_array_start = .)
 *(.preinit_array*)
                0x08007500                        PROVIDE (__preinit_array_end = .)

.init_array     0x08007500        0x4
                0x08007500                        PROVIDE (__init_array_start = .)
 *(SORT_BY_NAME(.init_array.*))
 *(.init_array*)
 .init_array    0x08007500        0x4 E:/ST/STM32CubeCLT_1.18.0/GNU-tools-for-STM32/bin/../lib/gcc/arm-none-eabi/13.3.1/thumb/v7-m/nofp/crtbegin.o
                0x08007504                        PROVIDE (__init_array_end = .)

.fini_array     0x08007504        0x4
                [!provide]                        PROVIDE (__fini_array_start = .)
 *(SORT_BY_NAME(.fini_array.*))
 *(.fini_array*)
 .fini_array    0x08007504        0x4 E:/ST/STM32CubeCLT_1.18.0/GNU-tools-for-STM32/bin/../lib/gcc/arm-none-eabi/13.3.1/thumb/v7-m/nofp/crtbegin.o
                [!provide]                        PROVIDE (__fini_array_end = .)
                0x08007508                        _sidata = LOADADDR (.data)

.data           0x20000000       0xa8 load address 0x08007508
                0x20000000                        . = ALIGN (0x4)
                0x20000000                        _sdata = .
 *(.data)
 *(.data*)
 .data._impure_ptr
                0x20000000        0x4 E:/ST/STM32CubeCLT_1.18.0/GNU-tools-for-STM32/bin/../lib/gcc/arm-none-eabi/13.3.1/../../../../arm-none-eabi/lib/thumb/v7-m/nofp\libc_nano.a(libc_a-impure.o)
                0x20000000                _impure_ptr
 .data._impure_data
                0x20000004       0x4c E:/ST/STM32CubeCLT_1.18.0/GNU-tools-for-STM32/bin/../lib/gcc/arm-none-eabi/13.3.1/../../../../arm-none-eabi/lib/thumb/v7-m/nofp\libc_nano.a(libc_a-impure.o)
                0x20000004                _impure_data
 .data.BASE_MIN_DEG
                0x20000050        0x4 CMakeFiles/2Dgimbal.dir/SERVO/Src/servo_app.c.obj
 .data.BASE_MAX_DEG
                0x20000054        0x4 CMakeFiles/2Dgimbal.dir/SERVO/Src/servo_app.c.obj
 .data.ARM_PARALLEL_DEG
                0x20000058        0x4 CMakeFiles/2Dgimbal.dir/SERVO/Src/servo_app.c.obj
 .data.BASE_DIR
                0x2000005c        0x4 CMakeFiles/2Dgimbal.dir/SERVO/Src/servo_app.c.obj
 .data.ARM_DIR  0x20000060        0x4 CMakeFiles/2Dgimbal.dir/SERVO/Src/servo_app.c.obj
 .data.pid_base
                0x20000064       0x18 CMakeFiles/2Dgimbal.dir/SERVO/Src/servo_app.c.obj
                0x20000064                pid_base
 .data.pid_arm  0x2000007c       0x18 CMakeFiles/2Dgimbal.dir/SERVO/Src/servo_app.c.obj
                0x2000007c                pid_arm
 .data.base_angle
                0x20000094        0x4 CMakeFiles/2Dgimbal.dir/SERVO/Src/servo_app.c.obj
                0x20000094                base_angle
 .data.arm_angle
                0x20000098        0x4 CMakeFiles/2Dgimbal.dir/SERVO/Src/servo_app.c.obj
                0x20000098                arm_angle
 .data.uwTickPrio
                0x2000009c        0x4 CMakeFiles/2Dgimbal.dir/Drivers/STM32F1xx_HAL_Driver/Src/stm32f1xx_hal.c.obj
                0x2000009c                uwTickPrio
 .data.uwTickFreq
                0x200000a0        0x1 CMakeFiles/2Dgimbal.dir/Drivers/STM32F1xx_HAL_Driver/Src/stm32f1xx_hal.c.obj
                0x200000a0                uwTickFreq
 *fill*         0x200000a1        0x3 
 .data.SystemCoreClock
                0x200000a4        0x4 CMakeFiles/2Dgimbal.dir/Core/Src/system_stm32f1xx.c.obj
                0x200000a4                SystemCoreClock
                0x200000a8                        . = ALIGN (0x4)
                0x200000a8                        _edata = .

.igot.plt       0x200000a8        0x0 load address 0x080075b0
 .igot.plt      0x200000a8        0x0 E:/ST/STM32CubeCLT_1.18.0/GNU-tools-for-STM32/bin/../lib/gcc/arm-none-eabi/13.3.1/thumb/v7-m/nofp/crtbegin.o
                0x200000a8                        . = ALIGN (0x4)

.bss            0x200000a8      0x30c load address 0x080075b0
                0x200000a8                        _sbss = .
                0x200000a8                        __bss_start__ = _sbss
 *(.bss)
 .bss           0x200000a8       0x1c E:/ST/STM32CubeCLT_1.18.0/GNU-tools-for-STM32/bin/../lib/gcc/arm-none-eabi/13.3.1/thumb/v7-m/nofp/crtbegin.o
 *(.bss*)
 .bss.__sf      0x200000c4      0x138 E:/ST/STM32CubeCLT_1.18.0/GNU-tools-for-STM32/bin/../lib/gcc/arm-none-eabi/13.3.1/../../../../arm-none-eabi/lib/thumb/v7-m/nofp\libc_nano.a(libc_a-findfp.o)
                0x200000c4                __sf
 .bss.errno     0x200001fc        0x4 E:/ST/STM32CubeCLT_1.18.0/GNU-tools-for-STM32/bin/../lib/gcc/arm-none-eabi/13.3.1/../../../../arm-none-eabi/lib/thumb/v7-m/nofp\libc_nano.a(libc_a-reent.o)
                0x200001fc                errno
 .bss.__lock___malloc_recursive_mutex
                0x20000200        0x1 E:/ST/STM32CubeCLT_1.18.0/GNU-tools-for-STM32/bin/../lib/gcc/arm-none-eabi/13.3.1/../../../../arm-none-eabi/lib/thumb/v7-m/nofp\libc_nano.a(libc_a-lock.o)
                0x20000200                __lock___malloc_recursive_mutex
 *fill*         0x20000201        0x3 
 .bss.__malloc_sbrk_start
                0x20000204        0x4 E:/ST/STM32CubeCLT_1.18.0/GNU-tools-for-STM32/bin/../lib/gcc/arm-none-eabi/13.3.1/../../../../arm-none-eabi/lib/thumb/v7-m/nofp\libc_nano.a(libc_a-mallocr.o)
                0x20000204                __malloc_sbrk_start
 .bss.__malloc_free_list
                0x20000208        0x4 E:/ST/STM32CubeCLT_1.18.0/GNU-tools-for-STM32/bin/../lib/gcc/arm-none-eabi/13.3.1/../../../../arm-none-eabi/lib/thumb/v7-m/nofp\libc_nano.a(libc_a-mallocr.o)
                0x20000208                __malloc_free_list
 .bss.g_player  0x2000020c       0x64 CMakeFiles/2Dgimbal.dir/SERVO/Src/servo_app.c.obj
                0x2000020c                g_player
 .bss.ARM_VERTICAL_DEG
                0x20000270        0x4 CMakeFiles/2Dgimbal.dir/SERVO/Src/servo_app.c.obj
 .bss.BASE_OFFSET_DEG
                0x20000274        0x4 CMakeFiles/2Dgimbal.dir/SERVO/Src/servo_app.c.obj
 .bss.ARM_OFFSET_DEG
                0x20000278        0x4 CMakeFiles/2Dgimbal.dir/SERVO/Src/servo_app.c.obj
 .bss.g_dx      0x2000027c        0x4 CMakeFiles/2Dgimbal.dir/SERVO/Src/servo_app.c.obj
                0x2000027c                g_dx
 .bss.g_dy      0x20000280        0x4 CMakeFiles/2Dgimbal.dir/SERVO/Src/servo_app.c.obj
                0x20000280                g_dy
 .bss.uart_buf  0x20000284       0x40 CMakeFiles/2Dgimbal.dir/SERVO/Src/servo_app.c.obj
                0x20000284                uart_buf
 .bss.uart_idx  0x200002c4        0x4 CMakeFiles/2Dgimbal.dir/SERVO/Src/servo_app.c.obj
                0x200002c4                uart_idx
 .bss.e_base_f.1
                0x200002c8        0x4 CMakeFiles/2Dgimbal.dir/SERVO/Src/servo_app.c.obj
 .bss.e_arm_f.0
                0x200002cc        0x4 CMakeFiles/2Dgimbal.dir/SERVO/Src/servo_app.c.obj
 .bss.rx_byte   0x200002d0        0x1 CMakeFiles/2Dgimbal.dir/Core/Src/main.c.obj
                0x200002d0                rx_byte
 *fill*         0x200002d1        0x3 
 .bss.htim2     0x200002d4       0x48 CMakeFiles/2Dgimbal.dir/Core/Src/tim.c.obj
                0x200002d4                htim2
 .bss.htim4     0x2000031c       0x48 CMakeFiles/2Dgimbal.dir/Core/Src/tim.c.obj
                0x2000031c                htim4
 .bss.huart1    0x20000364       0x48 CMakeFiles/2Dgimbal.dir/Core/Src/usart.c.obj
                0x20000364                huart1
 .bss.uwTick    0x200003ac        0x4 CMakeFiles/2Dgimbal.dir/Drivers/STM32F1xx_HAL_Driver/Src/stm32f1xx_hal.c.obj
                0x200003ac                uwTick
 .bss.__sbrk_heap_end
                0x200003b0        0x4 CMakeFiles/2Dgimbal.dir/Core/Src/sysmem.c.obj
 *(COMMON)
                0x200003b4                        . = ALIGN (0x4)
                0x200003b4                        _ebss = .
                0x200003b4                        __bss_end__ = _ebss

._user_heap_stack
                0x200003b4      0x604 load address 0x080075b0
                0x200003b8                        . = ALIGN (0x8)
 *fill*         0x200003b4        0x4 
                [!provide]                        PROVIDE (end = .)
                0x200003b8                        PROVIDE (_end = .)
                0x200005b8                        . = (. + _Min_Heap_Size)
 *fill*         0x200003b8      0x200 
                0x200009b8                        . = (. + _Min_Stack_Size)
 *fill*         0x200005b8      0x400 
                0x200009b8                        . = ALIGN (0x8)

/DISCARD/
 libc.a(*)
 libm.a(*)
 libgcc.a(*)

.ARM.attributes
                0x00000000       0x29
 *(.ARM.attributes)
 .ARM.attributes
                0x00000000       0x1d E:/ST/STM32CubeCLT_1.18.0/GNU-tools-for-STM32/bin/../lib/gcc/arm-none-eabi/13.3.1/thumb/v7-m/nofp/crti.o
 .ARM.attributes
                0x0000001d       0x2d E:/ST/STM32CubeCLT_1.18.0/GNU-tools-for-STM32/bin/../lib/gcc/arm-none-eabi/13.3.1/thumb/v7-m/nofp/crtbegin.o
 .ARM.attributes
                0x0000004a       0x2d E:/ST/STM32CubeCLT_1.18.0/GNU-tools-for-STM32/bin/../lib/gcc/arm-none-eabi/13.3.1/../../../../arm-none-eabi/lib/thumb/v7-m/nofp\libc_nano.a(libc_a-findfp.o)
 .ARM.attributes
                0x00000077       0x2d E:/ST/STM32CubeCLT_1.18.0/GNU-tools-for-STM32/bin/../lib/gcc/arm-none-eabi/13.3.1/../../../../arm-none-eabi/lib/thumb/v7-m/nofp\libc_nano.a(libc_a-stdio.o)
 .ARM.attributes
                0x000000a4       0x2d E:/ST/STM32CubeCLT_1.18.0/GNU-tools-for-STM32/bin/../lib/gcc/arm-none-eabi/13.3.1/../../../../arm-none-eabi/lib/thumb/v7-m/nofp\libc_nano.a(libc_a-memset.o)
 .ARM.attributes
                0x000000d1       0x2d E:/ST/STM32CubeCLT_1.18.0/GNU-tools-for-STM32/bin/../lib/gcc/arm-none-eabi/13.3.1/../../../../arm-none-eabi/lib/thumb/v7-m/nofp\libc_nano.a(libc_a-reent.o)
 .ARM.attributes
                0x000000fe       0x2d E:/ST/STM32CubeCLT_1.18.0/GNU-tools-for-STM32/bin/../lib/gcc/arm-none-eabi/13.3.1/../../../../arm-none-eabi/lib/thumb/v7-m/nofp\libc_nano.a(libc_a-impure.o)
 .ARM.attributes
                0x0000012b       0x2d E:/ST/STM32CubeCLT_1.18.0/GNU-tools-for-STM32/bin/../lib/gcc/arm-none-eabi/13.3.1/../../../../arm-none-eabi/lib/thumb/v7-m/nofp\libc_nano.a(libc_a-init.o)
 .ARM.attributes
                0x00000158       0x2d E:/ST/STM32CubeCLT_1.18.0/GNU-tools-for-STM32/bin/../lib/gcc/arm-none-eabi/13.3.1/../../../../arm-none-eabi/lib/thumb/v7-m/nofp\libc_nano.a(libc_a-lock.o)
 .ARM.attributes
                0x00000185       0x2d E:/ST/STM32CubeCLT_1.18.0/GNU-tools-for-STM32/bin/../lib/gcc/arm-none-eabi/13.3.1/../../../../arm-none-eabi/lib/thumb/v7-m/nofp\libc_nano.a(libc_a-freer.o)
 .ARM.attributes
                0x000001b2       0x2d E:/ST/STM32CubeCLT_1.18.0/GNU-tools-for-STM32/bin/../lib/gcc/arm-none-eabi/13.3.1/../../../../arm-none-eabi/lib/thumb/v7-m/nofp\libc_nano.a(libc_a-mallocr.o)
 .ARM.attributes
                0x000001df       0x2d E:/ST/STM32CubeCLT_1.18.0/GNU-tools-for-STM32/bin/../lib/gcc/arm-none-eabi/13.3.1/../../../../arm-none-eabi/lib/thumb/v7-m/nofp\libc_nano.a(libc_a-mlock.o)
 .ARM.attributes
                0x0000020c       0x2d E:/ST/STM32CubeCLT_1.18.0/GNU-tools-for-STM32/bin/../lib/gcc/arm-none-eabi/13.3.1/../../../../arm-none-eabi/lib/thumb/v7-m/nofp\libc_nano.a(libc_a-sbrkr.o)
 .ARM.attributes
                0x00000239       0x2d CMakeFiles/2Dgimbal.dir/SERVO/Src/servo_interp.c.obj
 .ARM.attributes
                0x00000266       0x2d CMakeFiles/2Dgimbal.dir/SERVO/Src/servo_app.c.obj
 .ARM.attributes
                0x00000293       0x2d CMakeFiles/2Dgimbal.dir/Core/Src/main.c.obj
 .ARM.attributes
                0x000002c0       0x2d CMakeFiles/2Dgimbal.dir/Core/Src/gpio.c.obj
 .ARM.attributes
                0x000002ed       0x2d CMakeFiles/2Dgimbal.dir/Core/Src/tim.c.obj
 .ARM.attributes
                0x0000031a       0x2d CMakeFiles/2Dgimbal.dir/Core/Src/usart.c.obj
 .ARM.attributes
                0x00000347       0x2d CMakeFiles/2Dgimbal.dir/Core/Src/stm32f1xx_it.c.obj
 .ARM.attributes
                0x00000374       0x2d CMakeFiles/2Dgimbal.dir/Core/Src/stm32f1xx_hal_msp.c.obj
 .ARM.attributes
                0x000003a1       0x2d CMakeFiles/2Dgimbal.dir/Drivers/STM32F1xx_HAL_Driver/Src/stm32f1xx_hal_tim.c.obj
 .ARM.attributes
                0x000003ce       0x2d CMakeFiles/2Dgimbal.dir/Drivers/STM32F1xx_HAL_Driver/Src/stm32f1xx_hal_tim_ex.c.obj
 .ARM.attributes
                0x000003fb       0x2d CMakeFiles/2Dgimbal.dir/Drivers/STM32F1xx_HAL_Driver/Src/stm32f1xx_hal.c.obj
 .ARM.attributes
                0x00000428       0x2d CMakeFiles/2Dgimbal.dir/Drivers/STM32F1xx_HAL_Driver/Src/stm32f1xx_hal_rcc.c.obj
 .ARM.attributes
                0x00000455       0x2d CMakeFiles/2Dgimbal.dir/Drivers/STM32F1xx_HAL_Driver/Src/stm32f1xx_hal_gpio.c.obj
 .ARM.attributes
                0x00000482       0x2d CMakeFiles/2Dgimbal.dir/Drivers/STM32F1xx_HAL_Driver/Src/stm32f1xx_hal_dma.c.obj
 .ARM.attributes
                0x000004af       0x2d CMakeFiles/2Dgimbal.dir/Drivers/STM32F1xx_HAL_Driver/Src/stm32f1xx_hal_cortex.c.obj
 .ARM.attributes
                0x000004dc       0x2d CMakeFiles/2Dgimbal.dir/Drivers/STM32F1xx_HAL_Driver/Src/stm32f1xx_hal_uart.c.obj
 .ARM.attributes
                0x00000509       0x2d CMakeFiles/2Dgimbal.dir/Core/Src/system_stm32f1xx.c.obj
 .ARM.attributes
                0x00000536       0x2d CMakeFiles/2Dgimbal.dir/Core/Src/sysmem.c.obj
 .ARM.attributes
                0x00000563       0x21 CMakeFiles/2Dgimbal.dir/startup_stm32f103xb.s.obj
 .ARM.attributes
                0x00000584       0x1d E:/ST/STM32CubeCLT_1.18.0/GNU-tools-for-STM32/bin/../lib/gcc/arm-none-eabi/13.3.1/thumb/v7-m/nofp\libgcc.a(_arm_addsubdf3.o)
 .ARM.attributes
                0x000005a1       0x1d E:/ST/STM32CubeCLT_1.18.0/GNU-tools-for-STM32/bin/../lib/gcc/arm-none-eabi/13.3.1/thumb/v7-m/nofp\libgcc.a(_arm_addsubsf3.o)
 .ARM.attributes
                0x000005be       0x1d E:/ST/STM32CubeCLT_1.18.0/GNU-tools-for-STM32/bin/../lib/gcc/arm-none-eabi/13.3.1/thumb/v7-m/nofp\libgcc.a(_arm_muldivsf3.o)
 .ARM.attributes
                0x000005db       0x1d E:/ST/STM32CubeCLT_1.18.0/GNU-tools-for-STM32/bin/../lib/gcc/arm-none-eabi/13.3.1/thumb/v7-m/nofp\libgcc.a(_arm_cmpsf2.o)
 .ARM.attributes
                0x000005f8       0x2d E:/ST/STM32CubeCLT_1.18.0/GNU-tools-for-STM32/bin/../lib/gcc/arm-none-eabi/13.3.1/../../../../arm-none-eabi/lib/thumb/v7-m/nofp\libg_nano.a(libc_a-sprintf.o)
 .ARM.attributes
                0x00000625       0x2d E:/ST/STM32CubeCLT_1.18.0/GNU-tools-for-STM32/bin/../lib/gcc/arm-none-eabi/13.3.1/../../../../arm-none-eabi/lib/thumb/v7-m/nofp\libg_nano.a(libc_a-sscanf.o)
 .ARM.attributes
                0x00000652       0x2d E:/ST/STM32CubeCLT_1.18.0/GNU-tools-for-STM32/bin/../lib/gcc/arm-none-eabi/13.3.1/../../../../arm-none-eabi/lib/thumb/v7-m/nofp\libg_nano.a(libc_a-errno.o)
 .ARM.attributes
                0x0000067f       0x17 E:/ST/STM32CubeCLT_1.18.0/GNU-tools-for-STM32/bin/../lib/gcc/arm-none-eabi/13.3.1/../../../../arm-none-eabi/lib/thumb/v7-m/nofp\libg_nano.a(libc_a-strlen.o)
 .ARM.attributes
                0x00000696       0x2d E:/ST/STM32CubeCLT_1.18.0/GNU-tools-for-STM32/bin/../lib/gcc/arm-none-eabi/13.3.1/../../../../arm-none-eabi/lib/thumb/v7-m/nofp\libg_nano.a(libc_a-nano-svfprintf.o)
 .ARM.attributes
                0x000006c3       0x2d E:/ST/STM32CubeCLT_1.18.0/GNU-tools-for-STM32/bin/../lib/gcc/arm-none-eabi/13.3.1/../../../../arm-none-eabi/lib/thumb/v7-m/nofp\libg_nano.a(libc_a-nano-svfscanf.o)
 .ARM.attributes
                0x000006f0       0x2d E:/ST/STM32CubeCLT_1.18.0/GNU-tools-for-STM32/bin/../lib/gcc/arm-none-eabi/13.3.1/../../../../arm-none-eabi/lib/thumb/v7-m/nofp\libg_nano.a(libc_a-nano-vfprintf_i.o)
 .ARM.attributes
                0x0000071d       0x2d E:/ST/STM32CubeCLT_1.18.0/GNU-tools-for-STM32/bin/../lib/gcc/arm-none-eabi/13.3.1/../../../../arm-none-eabi/lib/thumb/v7-m/nofp\libg_nano.a(libc_a-nano-vfscanf_i.o)
 .ARM.attributes
                0x0000074a       0x2d E:/ST/STM32CubeCLT_1.18.0/GNU-tools-for-STM32/bin/../lib/gcc/arm-none-eabi/13.3.1/../../../../arm-none-eabi/lib/thumb/v7-m/nofp\libg_nano.a(libc_a-sccl.o)
 .ARM.attributes
                0x00000777       0x2d E:/ST/STM32CubeCLT_1.18.0/GNU-tools-for-STM32/bin/../lib/gcc/arm-none-eabi/13.3.1/../../../../arm-none-eabi/lib/thumb/v7-m/nofp\libg_nano.a(libc_a-ungetc.o)
 .ARM.attributes
                0x000007a4       0x2d E:/ST/STM32CubeCLT_1.18.0/GNU-tools-for-STM32/bin/../lib/gcc/arm-none-eabi/13.3.1/../../../../arm-none-eabi/lib/thumb/v7-m/nofp\libg_nano.a(libc_a-memmove.o)
 .ARM.attributes
                0x000007d1       0x2d E:/ST/STM32CubeCLT_1.18.0/GNU-tools-for-STM32/bin/../lib/gcc/arm-none-eabi/13.3.1/../../../../arm-none-eabi/lib/thumb/v7-m/nofp\libg_nano.a(libc_a-memchr-stub.o)
 .ARM.attributes
                0x000007fe       0x2d E:/ST/STM32CubeCLT_1.18.0/GNU-tools-for-STM32/bin/../lib/gcc/arm-none-eabi/13.3.1/../../../../arm-none-eabi/lib/thumb/v7-m/nofp\libg_nano.a(libc_a-memcpy-stub.o)
 .ARM.attributes
                0x0000082b       0x2d E:/ST/STM32CubeCLT_1.18.0/GNU-tools-for-STM32/bin/../lib/gcc/arm-none-eabi/13.3.1/../../../../arm-none-eabi/lib/thumb/v7-m/nofp\libg_nano.a(libc_a-reallocr.o)
 .ARM.attributes
                0x00000858       0x2d E:/ST/STM32CubeCLT_1.18.0/GNU-tools-for-STM32/bin/../lib/gcc/arm-none-eabi/13.3.1/../../../../arm-none-eabi/lib/thumb/v7-m/nofp\libg_nano.a(libc_a-strtol.o)
 .ARM.attributes
                0x00000885       0x2d E:/ST/STM32CubeCLT_1.18.0/GNU-tools-for-STM32/bin/../lib/gcc/arm-none-eabi/13.3.1/../../../../arm-none-eabi/lib/thumb/v7-m/nofp\libg_nano.a(libc_a-strtoul.o)
 .ARM.attributes
                0x000008b2       0x2d E:/ST/STM32CubeCLT_1.18.0/GNU-tools-for-STM32/bin/../lib/gcc/arm-none-eabi/13.3.1/../../../../arm-none-eabi/lib/thumb/v7-m/nofp\libg_nano.a(libc_a-ctype_.o)
 .ARM.attributes
                0x000008df       0x2d E:/ST/STM32CubeCLT_1.18.0/GNU-tools-for-STM32/bin/../lib/gcc/arm-none-eabi/13.3.1/../../../../arm-none-eabi/lib/thumb/v7-m/nofp\libg_nano.a(libc_a-msizer.o)
 .ARM.attributes
                0x0000090c       0x1d E:/ST/STM32CubeCLT_1.18.0/GNU-tools-for-STM32/bin/../lib/gcc/arm-none-eabi/13.3.1/thumb/v7-m/nofp/crtn.o
OUTPUT(2Dgimbal.elf elf32-littlearm)
LOAD linker stubs
LOAD E:/ST/STM32CubeCLT_1.18.0/GNU-tools-for-STM32/bin/../lib/gcc/arm-none-eabi/13.3.1/../../../../arm-none-eabi/lib/thumb/v7-m/nofp\libc.a
LOAD E:/ST/STM32CubeCLT_1.18.0/GNU-tools-for-STM32/bin/../lib/gcc/arm-none-eabi/13.3.1/../../../../arm-none-eabi/lib/thumb/v7-m/nofp\libm.a
LOAD E:/ST/STM32CubeCLT_1.18.0/GNU-tools-for-STM32/bin/../lib/gcc/arm-none-eabi/13.3.1/thumb/v7-m/nofp\libgcc.a

.debug_frame    0x00000000     0x4024
 .debug_frame   0x00000000      0x144 E:/ST/STM32CubeCLT_1.18.0/GNU-tools-for-STM32/bin/../lib/gcc/arm-none-eabi/13.3.1/../../../../arm-none-eabi/lib/thumb/v7-m/nofp\libc_nano.a(libc_a-findfp.o)
 .debug_frame   0x00000144       0x88 E:/ST/STM32CubeCLT_1.18.0/GNU-tools-for-STM32/bin/../lib/gcc/arm-none-eabi/13.3.1/../../../../arm-none-eabi/lib/thumb/v7-m/nofp\libc_nano.a(libc_a-stdio.o)
 .debug_frame   0x000001cc       0x20 E:/ST/STM32CubeCLT_1.18.0/GNU-tools-for-STM32/bin/../lib/gcc/arm-none-eabi/13.3.1/../../../../arm-none-eabi/lib/thumb/v7-m/nofp\libc_nano.a(libc_a-memset.o)
 .debug_frame   0x000001ec       0x38 E:/ST/STM32CubeCLT_1.18.0/GNU-tools-for-STM32/bin/../lib/gcc/arm-none-eabi/13.3.1/../../../../arm-none-eabi/lib/thumb/v7-m/nofp\libc_nano.a(libc_a-reent.o)
 .debug_frame   0x00000224       0x2c E:/ST/STM32CubeCLT_1.18.0/GNU-tools-for-STM32/bin/../lib/gcc/arm-none-eabi/13.3.1/../../../../arm-none-eabi/lib/thumb/v7-m/nofp\libc_nano.a(libc_a-init.o)
 .debug_frame   0x00000250       0xb0 E:/ST/STM32CubeCLT_1.18.0/GNU-tools-for-STM32/bin/../lib/gcc/arm-none-eabi/13.3.1/../../../../arm-none-eabi/lib/thumb/v7-m/nofp\libc_nano.a(libc_a-lock.o)
 .debug_frame   0x00000300       0x38 E:/ST/STM32CubeCLT_1.18.0/GNU-tools-for-STM32/bin/../lib/gcc/arm-none-eabi/13.3.1/../../../../arm-none-eabi/lib/thumb/v7-m/nofp\libc_nano.a(libc_a-freer.o)
 .debug_frame   0x00000338       0x50 E:/ST/STM32CubeCLT_1.18.0/GNU-tools-for-STM32/bin/../lib/gcc/arm-none-eabi/13.3.1/../../../../arm-none-eabi/lib/thumb/v7-m/nofp\libc_nano.a(libc_a-mallocr.o)
 .debug_frame   0x00000388       0x30 E:/ST/STM32CubeCLT_1.18.0/GNU-tools-for-STM32/bin/../lib/gcc/arm-none-eabi/13.3.1/../../../../arm-none-eabi/lib/thumb/v7-m/nofp\libc_nano.a(libc_a-mlock.o)
 .debug_frame   0x000003b8       0x2c E:/ST/STM32CubeCLT_1.18.0/GNU-tools-for-STM32/bin/../lib/gcc/arm-none-eabi/13.3.1/../../../../arm-none-eabi/lib/thumb/v7-m/nofp\libc_nano.a(libc_a-sbrkr.o)
 .debug_frame   0x000003e4      0x14c CMakeFiles/2Dgimbal.dir/SERVO/Src/servo_interp.c.obj
 .debug_frame   0x00000530      0x184 CMakeFiles/2Dgimbal.dir/SERVO/Src/servo_app.c.obj
 .debug_frame   0x000006b4       0xb8 CMakeFiles/2Dgimbal.dir/Core/Src/main.c.obj
 .debug_frame   0x0000076c       0x38 CMakeFiles/2Dgimbal.dir/Core/Src/gpio.c.obj
 .debug_frame   0x000007a4      0x114 CMakeFiles/2Dgimbal.dir/Core/Src/tim.c.obj
 .debug_frame   0x000008b8       0x74 CMakeFiles/2Dgimbal.dir/Core/Src/usart.c.obj
 .debug_frame   0x0000092c      0x13c CMakeFiles/2Dgimbal.dir/Core/Src/stm32f1xx_it.c.obj
 .debug_frame   0x00000a68       0x38 CMakeFiles/2Dgimbal.dir/Core/Src/stm32f1xx_hal_msp.c.obj
 .debug_frame   0x00000aa0     0x11b8 CMakeFiles/2Dgimbal.dir/Drivers/STM32F1xx_HAL_Driver/Src/stm32f1xx_hal_tim.c.obj
 .debug_frame   0x00001c58      0x638 CMakeFiles/2Dgimbal.dir/Drivers/STM32F1xx_HAL_Driver/Src/stm32f1xx_hal_tim_ex.c.obj
 .debug_frame   0x00002290      0x334 CMakeFiles/2Dgimbal.dir/Drivers/STM32F1xx_HAL_Driver/Src/stm32f1xx_hal.c.obj
 .debug_frame   0x000025c4      0x218 CMakeFiles/2Dgimbal.dir/Drivers/STM32F1xx_HAL_Driver/Src/stm32f1xx_hal_rcc.c.obj
 .debug_frame   0x000027dc      0x14c CMakeFiles/2Dgimbal.dir/Drivers/STM32F1xx_HAL_Driver/Src/stm32f1xx_hal_gpio.c.obj
 .debug_frame   0x00002928      0x208 CMakeFiles/2Dgimbal.dir/Drivers/STM32F1xx_HAL_Driver/Src/stm32f1xx_hal_dma.c.obj
 .debug_frame   0x00002b30      0x428 CMakeFiles/2Dgimbal.dir/Drivers/STM32F1xx_HAL_Driver/Src/stm32f1xx_hal_cortex.c.obj
 .debug_frame   0x00002f58      0x944 CMakeFiles/2Dgimbal.dir/Drivers/STM32F1xx_HAL_Driver/Src/stm32f1xx_hal_uart.c.obj
 .debug_frame   0x0000389c       0x58 CMakeFiles/2Dgimbal.dir/Core/Src/system_stm32f1xx.c.obj
 .debug_frame   0x000038f4       0x34 CMakeFiles/2Dgimbal.dir/Core/Src/sysmem.c.obj
 .debug_frame   0x00003928       0xac E:/ST/STM32CubeCLT_1.18.0/GNU-tools-for-STM32/bin/../lib/gcc/arm-none-eabi/13.3.1/thumb/v7-m/nofp\libgcc.a(_arm_addsubdf3.o)
 .debug_frame   0x000039d4       0x4c E:/ST/STM32CubeCLT_1.18.0/GNU-tools-for-STM32/bin/../lib/gcc/arm-none-eabi/13.3.1/thumb/v7-m/nofp\libgcc.a(_arm_addsubsf3.o)
 .debug_frame   0x00003a20       0x38 E:/ST/STM32CubeCLT_1.18.0/GNU-tools-for-STM32/bin/../lib/gcc/arm-none-eabi/13.3.1/thumb/v7-m/nofp\libgcc.a(_arm_muldivsf3.o)
 .debug_frame   0x00003a58       0xc8 E:/ST/STM32CubeCLT_1.18.0/GNU-tools-for-STM32/bin/../lib/gcc/arm-none-eabi/13.3.1/thumb/v7-m/nofp\libgcc.a(_arm_cmpsf2.o)
 .debug_frame   0x00003b20       0x74 E:/ST/STM32CubeCLT_1.18.0/GNU-tools-for-STM32/bin/../lib/gcc/arm-none-eabi/13.3.1/../../../../arm-none-eabi/lib/thumb/v7-m/nofp\libg_nano.a(libc_a-sprintf.o)
 .debug_frame   0x00003b94       0x80 E:/ST/STM32CubeCLT_1.18.0/GNU-tools-for-STM32/bin/../lib/gcc/arm-none-eabi/13.3.1/../../../../arm-none-eabi/lib/thumb/v7-m/nofp\libg_nano.a(libc_a-sscanf.o)
 .debug_frame   0x00003c14       0x20 E:/ST/STM32CubeCLT_1.18.0/GNU-tools-for-STM32/bin/../lib/gcc/arm-none-eabi/13.3.1/../../../../arm-none-eabi/lib/thumb/v7-m/nofp\libg_nano.a(libc_a-errno.o)
 .debug_frame   0x00003c34       0x90 E:/ST/STM32CubeCLT_1.18.0/GNU-tools-for-STM32/bin/../lib/gcc/arm-none-eabi/13.3.1/../../../../arm-none-eabi/lib/thumb/v7-m/nofp\libg_nano.a(libc_a-nano-svfprintf.o)
 .debug_frame   0x00003cc4       0x78 E:/ST/STM32CubeCLT_1.18.0/GNU-tools-for-STM32/bin/../lib/gcc/arm-none-eabi/13.3.1/../../../../arm-none-eabi/lib/thumb/v7-m/nofp\libg_nano.a(libc_a-nano-svfscanf.o)
 .debug_frame   0x00003d3c       0x60 E:/ST/STM32CubeCLT_1.18.0/GNU-tools-for-STM32/bin/../lib/gcc/arm-none-eabi/13.3.1/../../../../arm-none-eabi/lib/thumb/v7-m/nofp\libg_nano.a(libc_a-nano-vfprintf_i.o)
 .debug_frame   0x00003d9c       0x64 E:/ST/STM32CubeCLT_1.18.0/GNU-tools-for-STM32/bin/../lib/gcc/arm-none-eabi/13.3.1/../../../../arm-none-eabi/lib/thumb/v7-m/nofp\libg_nano.a(libc_a-nano-vfscanf_i.o)
 .debug_frame   0x00003e00       0x2c E:/ST/STM32CubeCLT_1.18.0/GNU-tools-for-STM32/bin/../lib/gcc/arm-none-eabi/13.3.1/../../../../arm-none-eabi/lib/thumb/v7-m/nofp\libg_nano.a(libc_a-sccl.o)
 .debug_frame   0x00003e2c       0x5c E:/ST/STM32CubeCLT_1.18.0/GNU-tools-for-STM32/bin/../lib/gcc/arm-none-eabi/13.3.1/../../../../arm-none-eabi/lib/thumb/v7-m/nofp\libg_nano.a(libc_a-ungetc.o)
 .debug_frame   0x00003e88       0x28 E:/ST/STM32CubeCLT_1.18.0/GNU-tools-for-STM32/bin/../lib/gcc/arm-none-eabi/13.3.1/../../../../arm-none-eabi/lib/thumb/v7-m/nofp\libg_nano.a(libc_a-memmove.o)
 .debug_frame   0x00003eb0       0x28 E:/ST/STM32CubeCLT_1.18.0/GNU-tools-for-STM32/bin/../lib/gcc/arm-none-eabi/13.3.1/../../../../arm-none-eabi/lib/thumb/v7-m/nofp\libg_nano.a(libc_a-memchr-stub.o)
 .debug_frame   0x00003ed8       0x28 E:/ST/STM32CubeCLT_1.18.0/GNU-tools-for-STM32/bin/../lib/gcc/arm-none-eabi/13.3.1/../../../../arm-none-eabi/lib/thumb/v7-m/nofp\libg_nano.a(libc_a-memcpy-stub.o)
 .debug_frame   0x00003f00       0x3c E:/ST/STM32CubeCLT_1.18.0/GNU-tools-for-STM32/bin/../lib/gcc/arm-none-eabi/13.3.1/../../../../arm-none-eabi/lib/thumb/v7-m/nofp\libg_nano.a(libc_a-reallocr.o)
 .debug_frame   0x00003f3c       0x64 E:/ST/STM32CubeCLT_1.18.0/GNU-tools-for-STM32/bin/../lib/gcc/arm-none-eabi/13.3.1/../../../../arm-none-eabi/lib/thumb/v7-m/nofp\libg_nano.a(libc_a-strtol.o)
 .debug_frame   0x00003fa0       0x64 E:/ST/STM32CubeCLT_1.18.0/GNU-tools-for-STM32/bin/../lib/gcc/arm-none-eabi/13.3.1/../../../../arm-none-eabi/lib/thumb/v7-m/nofp\libg_nano.a(libc_a-strtoul.o)
 .debug_frame   0x00004004       0x20 E:/ST/STM32CubeCLT_1.18.0/GNU-tools-for-STM32/bin/../lib/gcc/arm-none-eabi/13.3.1/../../../../arm-none-eabi/lib/thumb/v7-m/nofp\libg_nano.a(libc_a-msizer.o)

.debug_info     0x00000000    0x16ac1
 .debug_info    0x00000000      0x537 CMakeFiles/2Dgimbal.dir/SERVO/Src/servo_interp.c.obj
 .debug_info    0x00000537     0x108a CMakeFiles/2Dgimbal.dir/SERVO/Src/servo_app.c.obj
 .debug_info    0x000015c1      0xe20 CMakeFiles/2Dgimbal.dir/Core/Src/main.c.obj
 .debug_info    0x000023e1      0x184 CMakeFiles/2Dgimbal.dir/Core/Src/gpio.c.obj
 .debug_info    0x00002565      0xcfc CMakeFiles/2Dgimbal.dir/Core/Src/tim.c.obj
 .debug_info    0x00003261      0x92a CMakeFiles/2Dgimbal.dir/Core/Src/usart.c.obj
 .debug_info    0x00003b8b      0x94c CMakeFiles/2Dgimbal.dir/Core/Src/stm32f1xx_it.c.obj
 .debug_info    0x000044d7      0x1f1 CMakeFiles/2Dgimbal.dir/Core/Src/stm32f1xx_hal_msp.c.obj
 .debug_info    0x000046c8     0x2959 CMakeFiles/2Dgimbal.dir/Drivers/STM32F1xx_HAL_Driver/Src/stm32f1xx_hal_tim.c.obj
 .debug_info    0x00007021     0x149b CMakeFiles/2Dgimbal.dir/Drivers/STM32F1xx_HAL_Driver/Src/stm32f1xx_hal_tim_ex.c.obj
 .debug_info    0x000084bc      0x704 CMakeFiles/2Dgimbal.dir/Drivers/STM32F1xx_HAL_Driver/Src/stm32f1xx_hal.c.obj
 .debug_info    0x00008bc0      0x7d5 CMakeFiles/2Dgimbal.dir/Drivers/STM32F1xx_HAL_Driver/Src/stm32f1xx_hal_rcc.c.obj
 .debug_info    0x00009395      0x5ab CMakeFiles/2Dgimbal.dir/Drivers/STM32F1xx_HAL_Driver/Src/stm32f1xx_hal_gpio.c.obj
 .debug_info    0x00009940      0x6d2 CMakeFiles/2Dgimbal.dir/Drivers/STM32F1xx_HAL_Driver/Src/stm32f1xx_hal_dma.c.obj
 .debug_info    0x0000a012      0xa87 CMakeFiles/2Dgimbal.dir/Drivers/STM32F1xx_HAL_Driver/Src/stm32f1xx_hal_cortex.c.obj
 .debug_info    0x0000aa99     0x2eed CMakeFiles/2Dgimbal.dir/Drivers/STM32F1xx_HAL_Driver/Src/stm32f1xx_hal_uart.c.obj
 .debug_info    0x0000d986      0x222 CMakeFiles/2Dgimbal.dir/Core/Src/system_stm32f1xx.c.obj
 .debug_info    0x0000dba8      0x168 CMakeFiles/2Dgimbal.dir/Core/Src/sysmem.c.obj
 .debug_info    0x0000dd10       0x30 CMakeFiles/2Dgimbal.dir/startup_stm32f103xb.s.obj
 .debug_info    0x0000dd40      0x885 E:/ST/STM32CubeCLT_1.18.0/GNU-tools-for-STM32/bin/../lib/gcc/arm-none-eabi/13.3.1/../../../../arm-none-eabi/lib/thumb/v7-m/nofp\libg_nano.a(libc_a-sprintf.o)
 .debug_info    0x0000e5c5      0x8f6 E:/ST/STM32CubeCLT_1.18.0/GNU-tools-for-STM32/bin/../lib/gcc/arm-none-eabi/13.3.1/../../../../arm-none-eabi/lib/thumb/v7-m/nofp\libg_nano.a(libc_a-sscanf.o)
 .debug_info    0x0000eebb      0x6fb E:/ST/STM32CubeCLT_1.18.0/GNU-tools-for-STM32/bin/../lib/gcc/arm-none-eabi/13.3.1/../../../../arm-none-eabi/lib/thumb/v7-m/nofp\libg_nano.a(libc_a-errno.o)
 .debug_info    0x0000f5b6       0x31 E:/ST/STM32CubeCLT_1.18.0/GNU-tools-for-STM32/bin/../lib/gcc/arm-none-eabi/13.3.1/../../../../arm-none-eabi/lib/thumb/v7-m/nofp\libg_nano.a(libc_a-strlen.o)
 .debug_info    0x0000f5e7     0x10c7 E:/ST/STM32CubeCLT_1.18.0/GNU-tools-for-STM32/bin/../lib/gcc/arm-none-eabi/13.3.1/../../../../arm-none-eabi/lib/thumb/v7-m/nofp\libg_nano.a(libc_a-nano-svfprintf.o)
 .debug_info    0x000106ae      0xf08 E:/ST/STM32CubeCLT_1.18.0/GNU-tools-for-STM32/bin/../lib/gcc/arm-none-eabi/13.3.1/../../../../arm-none-eabi/lib/thumb/v7-m/nofp\libg_nano.a(libc_a-nano-svfscanf.o)
 .debug_info    0x000115b6      0xde2 E:/ST/STM32CubeCLT_1.18.0/GNU-tools-for-STM32/bin/../lib/gcc/arm-none-eabi/13.3.1/../../../../arm-none-eabi/lib/thumb/v7-m/nofp\libg_nano.a(libc_a-nano-vfprintf_i.o)
 .debug_info    0x00012398      0xdc0 E:/ST/STM32CubeCLT_1.18.0/GNU-tools-for-STM32/bin/../lib/gcc/arm-none-eabi/13.3.1/../../../../arm-none-eabi/lib/thumb/v7-m/nofp\libg_nano.a(libc_a-nano-vfscanf_i.o)
 .debug_info    0x00013158      0x10e E:/ST/STM32CubeCLT_1.18.0/GNU-tools-for-STM32/bin/../lib/gcc/arm-none-eabi/13.3.1/../../../../arm-none-eabi/lib/thumb/v7-m/nofp\libg_nano.a(libc_a-sccl.o)
 .debug_info    0x00013266      0x99f E:/ST/STM32CubeCLT_1.18.0/GNU-tools-for-STM32/bin/../lib/gcc/arm-none-eabi/13.3.1/../../../../arm-none-eabi/lib/thumb/v7-m/nofp\libg_nano.a(libc_a-ungetc.o)
 .debug_info    0x00013c05      0x10f E:/ST/STM32CubeCLT_1.18.0/GNU-tools-for-STM32/bin/../lib/gcc/arm-none-eabi/13.3.1/../../../../arm-none-eabi/lib/thumb/v7-m/nofp\libg_nano.a(libc_a-memmove.o)
 .debug_info    0x00013d14      0x110 E:/ST/STM32CubeCLT_1.18.0/GNU-tools-for-STM32/bin/../lib/gcc/arm-none-eabi/13.3.1/../../../../arm-none-eabi/lib/thumb/v7-m/nofp\libg_nano.a(libc_a-memchr-stub.o)
 .debug_info    0x00013e24      0x121 E:/ST/STM32CubeCLT_1.18.0/GNU-tools-for-STM32/bin/../lib/gcc/arm-none-eabi/13.3.1/../../../../arm-none-eabi/lib/thumb/v7-m/nofp\libg_nano.a(libc_a-memcpy-stub.o)
 .debug_info    0x00013f45      0x8cd E:/ST/STM32CubeCLT_1.18.0/GNU-tools-for-STM32/bin/../lib/gcc/arm-none-eabi/13.3.1/../../../../arm-none-eabi/lib/thumb/v7-m/nofp\libg_nano.a(libc_a-reallocr.o)
 .debug_info    0x00014812      0xd7f E:/ST/STM32CubeCLT_1.18.0/GNU-tools-for-STM32/bin/../lib/gcc/arm-none-eabi/13.3.1/../../../../arm-none-eabi/lib/thumb/v7-m/nofp\libg_nano.a(libc_a-strtol.o)
 .debug_info    0x00015591      0xce3 E:/ST/STM32CubeCLT_1.18.0/GNU-tools-for-STM32/bin/../lib/gcc/arm-none-eabi/13.3.1/../../../../arm-none-eabi/lib/thumb/v7-m/nofp\libg_nano.a(libc_a-strtoul.o)
 .debug_info    0x00016274       0xb9 E:/ST/STM32CubeCLT_1.18.0/GNU-tools-for-STM32/bin/../lib/gcc/arm-none-eabi/13.3.1/../../../../arm-none-eabi/lib/thumb/v7-m/nofp\libg_nano.a(libc_a-ctype_.o)
 .debug_info    0x0001632d      0x794 E:/ST/STM32CubeCLT_1.18.0/GNU-tools-for-STM32/bin/../lib/gcc/arm-none-eabi/13.3.1/../../../../arm-none-eabi/lib/thumb/v7-m/nofp\libg_nano.a(libc_a-msizer.o)

.debug_abbrev   0x00000000     0x43e4
 .debug_abbrev  0x00000000      0x18d CMakeFiles/2Dgimbal.dir/SERVO/Src/servo_interp.c.obj
 .debug_abbrev  0x0000018d      0x26c CMakeFiles/2Dgimbal.dir/SERVO/Src/servo_app.c.obj
 .debug_abbrev  0x000003f9      0x2a7 CMakeFiles/2Dgimbal.dir/Core/Src/main.c.obj
 .debug_abbrev  0x000006a0       0xc6 CMakeFiles/2Dgimbal.dir/Core/Src/gpio.c.obj
 .debug_abbrev  0x00000766      0x260 CMakeFiles/2Dgimbal.dir/Core/Src/tim.c.obj
 .debug_abbrev  0x000009c6      0x205 CMakeFiles/2Dgimbal.dir/Core/Src/usart.c.obj
 .debug_abbrev  0x00000bcb      0x19b CMakeFiles/2Dgimbal.dir/Core/Src/stm32f1xx_it.c.obj
 .debug_abbrev  0x00000d66       0xdb CMakeFiles/2Dgimbal.dir/Core/Src/stm32f1xx_hal_msp.c.obj
 .debug_abbrev  0x00000e41      0x277 CMakeFiles/2Dgimbal.dir/Drivers/STM32F1xx_HAL_Driver/Src/stm32f1xx_hal_tim.c.obj
 .debug_abbrev  0x000010b8      0x282 CMakeFiles/2Dgimbal.dir/Drivers/STM32F1xx_HAL_Driver/Src/stm32f1xx_hal_tim_ex.c.obj
 .debug_abbrev  0x0000133a      0x201 CMakeFiles/2Dgimbal.dir/Drivers/STM32F1xx_HAL_Driver/Src/stm32f1xx_hal.c.obj
 .debug_abbrev  0x0000153b      0x2b3 CMakeFiles/2Dgimbal.dir/Drivers/STM32F1xx_HAL_Driver/Src/stm32f1xx_hal_rcc.c.obj
 .debug_abbrev  0x000017ee      0x1ca CMakeFiles/2Dgimbal.dir/Drivers/STM32F1xx_HAL_Driver/Src/stm32f1xx_hal_gpio.c.obj
 .debug_abbrev  0x000019b8      0x20b CMakeFiles/2Dgimbal.dir/Drivers/STM32F1xx_HAL_Driver/Src/stm32f1xx_hal_dma.c.obj
 .debug_abbrev  0x00001bc3      0x2f8 CMakeFiles/2Dgimbal.dir/Drivers/STM32F1xx_HAL_Driver/Src/stm32f1xx_hal_cortex.c.obj
 .debug_abbrev  0x00001ebb      0x2f8 CMakeFiles/2Dgimbal.dir/Drivers/STM32F1xx_HAL_Driver/Src/stm32f1xx_hal_uart.c.obj
 .debug_abbrev  0x000021b3      0x13f CMakeFiles/2Dgimbal.dir/Core/Src/system_stm32f1xx.c.obj
 .debug_abbrev  0x000022f2       0xbc CMakeFiles/2Dgimbal.dir/Core/Src/sysmem.c.obj
 .debug_abbrev  0x000023ae       0x24 CMakeFiles/2Dgimbal.dir/startup_stm32f103xb.s.obj
 .debug_abbrev  0x000023d2      0x21c E:/ST/STM32CubeCLT_1.18.0/GNU-tools-for-STM32/bin/../lib/gcc/arm-none-eabi/13.3.1/../../../../arm-none-eabi/lib/thumb/v7-m/nofp\libg_nano.a(libc_a-sprintf.o)
 .debug_abbrev  0x000025ee      0x226 E:/ST/STM32CubeCLT_1.18.0/GNU-tools-for-STM32/bin/../lib/gcc/arm-none-eabi/13.3.1/../../../../arm-none-eabi/lib/thumb/v7-m/nofp\libg_nano.a(libc_a-sscanf.o)
 .debug_abbrev  0x00002814      0x15e E:/ST/STM32CubeCLT_1.18.0/GNU-tools-for-STM32/bin/../lib/gcc/arm-none-eabi/13.3.1/../../../../arm-none-eabi/lib/thumb/v7-m/nofp\libg_nano.a(libc_a-errno.o)
 .debug_abbrev  0x00002972       0x28 E:/ST/STM32CubeCLT_1.18.0/GNU-tools-for-STM32/bin/../lib/gcc/arm-none-eabi/13.3.1/../../../../arm-none-eabi/lib/thumb/v7-m/nofp\libg_nano.a(libc_a-strlen.o)
 .debug_abbrev  0x0000299a      0x31e E:/ST/STM32CubeCLT_1.18.0/GNU-tools-for-STM32/bin/../lib/gcc/arm-none-eabi/13.3.1/../../../../arm-none-eabi/lib/thumb/v7-m/nofp\libg_nano.a(libc_a-nano-svfprintf.o)
 .debug_abbrev  0x00002cb8      0x312 E:/ST/STM32CubeCLT_1.18.0/GNU-tools-for-STM32/bin/../lib/gcc/arm-none-eabi/13.3.1/../../../../arm-none-eabi/lib/thumb/v7-m/nofp\libg_nano.a(libc_a-nano-svfscanf.o)
 .debug_abbrev  0x00002fca      0x28e E:/ST/STM32CubeCLT_1.18.0/GNU-tools-for-STM32/bin/../lib/gcc/arm-none-eabi/13.3.1/../../../../arm-none-eabi/lib/thumb/v7-m/nofp\libg_nano.a(libc_a-nano-vfprintf_i.o)
 .debug_abbrev  0x00003258      0x29f E:/ST/STM32CubeCLT_1.18.0/GNU-tools-for-STM32/bin/../lib/gcc/arm-none-eabi/13.3.1/../../../../arm-none-eabi/lib/thumb/v7-m/nofp\libg_nano.a(libc_a-nano-vfscanf_i.o)
 .debug_abbrev  0x000034f7       0x9a E:/ST/STM32CubeCLT_1.18.0/GNU-tools-for-STM32/bin/../lib/gcc/arm-none-eabi/13.3.1/../../../../arm-none-eabi/lib/thumb/v7-m/nofp\libg_nano.a(libc_a-sccl.o)
 .debug_abbrev  0x00003591      0x278 E:/ST/STM32CubeCLT_1.18.0/GNU-tools-for-STM32/bin/../lib/gcc/arm-none-eabi/13.3.1/../../../../arm-none-eabi/lib/thumb/v7-m/nofp\libg_nano.a(libc_a-ungetc.o)
 .debug_abbrev  0x00003809       0xac E:/ST/STM32CubeCLT_1.18.0/GNU-tools-for-STM32/bin/../lib/gcc/arm-none-eabi/13.3.1/../../../../arm-none-eabi/lib/thumb/v7-m/nofp\libg_nano.a(libc_a-memmove.o)
 .debug_abbrev  0x000038b5       0xb1 E:/ST/STM32CubeCLT_1.18.0/GNU-tools-for-STM32/bin/../lib/gcc/arm-none-eabi/13.3.1/../../../../arm-none-eabi/lib/thumb/v7-m/nofp\libg_nano.a(libc_a-memchr-stub.o)
 .debug_abbrev  0x00003966       0xc1 E:/ST/STM32CubeCLT_1.18.0/GNU-tools-for-STM32/bin/../lib/gcc/arm-none-eabi/13.3.1/../../../../arm-none-eabi/lib/thumb/v7-m/nofp\libg_nano.a(libc_a-memcpy-stub.o)
 .debug_abbrev  0x00003a27      0x217 E:/ST/STM32CubeCLT_1.18.0/GNU-tools-for-STM32/bin/../lib/gcc/arm-none-eabi/13.3.1/../../../../arm-none-eabi/lib/thumb/v7-m/nofp\libg_nano.a(libc_a-reallocr.o)
 .debug_abbrev  0x00003c3e      0x2ee E:/ST/STM32CubeCLT_1.18.0/GNU-tools-for-STM32/bin/../lib/gcc/arm-none-eabi/13.3.1/../../../../arm-none-eabi/lib/thumb/v7-m/nofp\libg_nano.a(libc_a-strtol.o)
 .debug_abbrev  0x00003f2c      0x2c0 E:/ST/STM32CubeCLT_1.18.0/GNU-tools-for-STM32/bin/../lib/gcc/arm-none-eabi/13.3.1/../../../../arm-none-eabi/lib/thumb/v7-m/nofp\libg_nano.a(libc_a-strtoul.o)
 .debug_abbrev  0x000041ec       0x62 E:/ST/STM32CubeCLT_1.18.0/GNU-tools-for-STM32/bin/../lib/gcc/arm-none-eabi/13.3.1/../../../../arm-none-eabi/lib/thumb/v7-m/nofp\libg_nano.a(libc_a-ctype_.o)
 .debug_abbrev  0x0000424e      0x196 E:/ST/STM32CubeCLT_1.18.0/GNU-tools-for-STM32/bin/../lib/gcc/arm-none-eabi/13.3.1/../../../../arm-none-eabi/lib/thumb/v7-m/nofp\libg_nano.a(libc_a-msizer.o)

.debug_aranges  0x00000000      0xfe0
 .debug_aranges
                0x00000000       0x58 CMakeFiles/2Dgimbal.dir/SERVO/Src/servo_interp.c.obj
 .debug_aranges
                0x00000058       0x68 CMakeFiles/2Dgimbal.dir/SERVO/Src/servo_app.c.obj
 .debug_aranges
                0x000000c0       0x40 CMakeFiles/2Dgimbal.dir/Core/Src/main.c.obj
 .debug_aranges
                0x00000100       0x20 CMakeFiles/2Dgimbal.dir/Core/Src/gpio.c.obj
 .debug_aranges
                0x00000120       0x50 CMakeFiles/2Dgimbal.dir/Core/Src/tim.c.obj
 .debug_aranges
                0x00000170       0x30 CMakeFiles/2Dgimbal.dir/Core/Src/usart.c.obj
 .debug_aranges
                0x000001a0       0x70 CMakeFiles/2Dgimbal.dir/Core/Src/stm32f1xx_it.c.obj
 .debug_aranges
                0x00000210       0x20 CMakeFiles/2Dgimbal.dir/Core/Src/stm32f1xx_hal_msp.c.obj
 .debug_aranges
                0x00000230      0x3d0 CMakeFiles/2Dgimbal.dir/Drivers/STM32F1xx_HAL_Driver/Src/stm32f1xx_hal_tim.c.obj
 .debug_aranges
                0x00000600      0x168 CMakeFiles/2Dgimbal.dir/Drivers/STM32F1xx_HAL_Driver/Src/stm32f1xx_hal_tim_ex.c.obj
 .debug_aranges
                0x00000768       0xe0 CMakeFiles/2Dgimbal.dir/Drivers/STM32F1xx_HAL_Driver/Src/stm32f1xx_hal.c.obj
 .debug_aranges
                0x00000848       0x90 CMakeFiles/2Dgimbal.dir/Drivers/STM32F1xx_HAL_Driver/Src/stm32f1xx_hal_rcc.c.obj
 .debug_aranges
                0x000008d8       0x58 CMakeFiles/2Dgimbal.dir/Drivers/STM32F1xx_HAL_Driver/Src/stm32f1xx_hal_gpio.c.obj
 .debug_aranges
                0x00000930       0x80 CMakeFiles/2Dgimbal.dir/Drivers/STM32F1xx_HAL_Driver/Src/stm32f1xx_hal_dma.c.obj
 .debug_aranges
                0x000009b0      0x100 CMakeFiles/2Dgimbal.dir/Drivers/STM32F1xx_HAL_Driver/Src/stm32f1xx_hal_cortex.c.obj
 .debug_aranges
                0x00000ab0      0x208 CMakeFiles/2Dgimbal.dir/Drivers/STM32F1xx_HAL_Driver/Src/stm32f1xx_hal_uart.c.obj
 .debug_aranges
                0x00000cb8       0x28 CMakeFiles/2Dgimbal.dir/Core/Src/system_stm32f1xx.c.obj
 .debug_aranges
                0x00000ce0       0x20 CMakeFiles/2Dgimbal.dir/Core/Src/sysmem.c.obj
 .debug_aranges
                0x00000d00       0x28 CMakeFiles/2Dgimbal.dir/startup_stm32f103xb.s.obj
 .debug_aranges
                0x00000d28       0x28 E:/ST/STM32CubeCLT_1.18.0/GNU-tools-for-STM32/bin/../lib/gcc/arm-none-eabi/13.3.1/../../../../arm-none-eabi/lib/thumb/v7-m/nofp\libg_nano.a(libc_a-sprintf.o)
 .debug_aranges
                0x00000d50       0x28 E:/ST/STM32CubeCLT_1.18.0/GNU-tools-for-STM32/bin/../lib/gcc/arm-none-eabi/13.3.1/../../../../arm-none-eabi/lib/thumb/v7-m/nofp\libg_nano.a(libc_a-sscanf.o)
 .debug_aranges
                0x00000d78       0x20 E:/ST/STM32CubeCLT_1.18.0/GNU-tools-for-STM32/bin/../lib/gcc/arm-none-eabi/13.3.1/../../../../arm-none-eabi/lib/thumb/v7-m/nofp\libg_nano.a(libc_a-errno.o)
 .debug_aranges
                0x00000d98       0x20 E:/ST/STM32CubeCLT_1.18.0/GNU-tools-for-STM32/bin/../lib/gcc/arm-none-eabi/13.3.1/../../../../arm-none-eabi/lib/thumb/v7-m/nofp\libg_nano.a(libc_a-strlen.o)
 .debug_aranges
                0x00000db8       0x30 E:/ST/STM32CubeCLT_1.18.0/GNU-tools-for-STM32/bin/../lib/gcc/arm-none-eabi/13.3.1/../../../../arm-none-eabi/lib/thumb/v7-m/nofp\libg_nano.a(libc_a-nano-svfprintf.o)
 .debug_aranges
                0x00000de8       0x30 E:/ST/STM32CubeCLT_1.18.0/GNU-tools-for-STM32/bin/../lib/gcc/arm-none-eabi/13.3.1/../../../../arm-none-eabi/lib/thumb/v7-m/nofp\libg_nano.a(libc_a-nano-svfscanf.o)
 .debug_aranges
                0x00000e18       0x28 E:/ST/STM32CubeCLT_1.18.0/GNU-tools-for-STM32/bin/../lib/gcc/arm-none-eabi/13.3.1/../../../../arm-none-eabi/lib/thumb/v7-m/nofp\libg_nano.a(libc_a-nano-vfprintf_i.o)
 .debug_aranges
                0x00000e40       0x28 E:/ST/STM32CubeCLT_1.18.0/GNU-tools-for-STM32/bin/../lib/gcc/arm-none-eabi/13.3.1/../../../../arm-none-eabi/lib/thumb/v7-m/nofp\libg_nano.a(libc_a-nano-vfscanf_i.o)
 .debug_aranges
                0x00000e68       0x20 E:/ST/STM32CubeCLT_1.18.0/GNU-tools-for-STM32/bin/../lib/gcc/arm-none-eabi/13.3.1/../../../../arm-none-eabi/lib/thumb/v7-m/nofp\libg_nano.a(libc_a-sccl.o)
 .debug_aranges
                0x00000e88       0x30 E:/ST/STM32CubeCLT_1.18.0/GNU-tools-for-STM32/bin/../lib/gcc/arm-none-eabi/13.3.1/../../../../arm-none-eabi/lib/thumb/v7-m/nofp\libg_nano.a(libc_a-ungetc.o)
 .debug_aranges
                0x00000eb8       0x20 E:/ST/STM32CubeCLT_1.18.0/GNU-tools-for-STM32/bin/../lib/gcc/arm-none-eabi/13.3.1/../../../../arm-none-eabi/lib/thumb/v7-m/nofp\libg_nano.a(libc_a-memmove.o)
 .debug_aranges
                0x00000ed8       0x20 E:/ST/STM32CubeCLT_1.18.0/GNU-tools-for-STM32/bin/../lib/gcc/arm-none-eabi/13.3.1/../../../../arm-none-eabi/lib/thumb/v7-m/nofp\libg_nano.a(libc_a-memchr-stub.o)
 .debug_aranges
                0x00000ef8       0x20 E:/ST/STM32CubeCLT_1.18.0/GNU-tools-for-STM32/bin/../lib/gcc/arm-none-eabi/13.3.1/../../../../arm-none-eabi/lib/thumb/v7-m/nofp\libg_nano.a(libc_a-memcpy-stub.o)
 .debug_aranges
                0x00000f18       0x20 E:/ST/STM32CubeCLT_1.18.0/GNU-tools-for-STM32/bin/../lib/gcc/arm-none-eabi/13.3.1/../../../../arm-none-eabi/lib/thumb/v7-m/nofp\libg_nano.a(libc_a-reallocr.o)
 .debug_aranges
                0x00000f38       0x38 E:/ST/STM32CubeCLT_1.18.0/GNU-tools-for-STM32/bin/../lib/gcc/arm-none-eabi/13.3.1/../../../../arm-none-eabi/lib/thumb/v7-m/nofp\libg_nano.a(libc_a-strtol.o)
 .debug_aranges
                0x00000f70       0x38 E:/ST/STM32CubeCLT_1.18.0/GNU-tools-for-STM32/bin/../lib/gcc/arm-none-eabi/13.3.1/../../../../arm-none-eabi/lib/thumb/v7-m/nofp\libg_nano.a(libc_a-strtoul.o)
 .debug_aranges